Analysis & Synthesis report for ASP
Sun May 03 16:34:30 2026
Quartus Prime Version 18.1.0 Build 625 09/12/2018 SJ Lite Edition


---------------------
; Table of Contents ;
---------------------
  1. Legal Notice
  2. Analysis & Synthesis Summary
  3. Analysis & Synthesis Settings
  4. Parallel Compilation
  5. Analysis & Synthesis Source Files Read
  6. Analysis & Synthesis Resource Usage Summary
  7. Analysis & Synthesis Resource Utilization by Entity
  8. Analysis & Synthesis IP Cores Summary
  9. Registers Removed During Synthesis
 10. Removed Registers Triggering Further Register Optimizations
 11. General Register Statistics
 12. Multiplexer Restructuring Statistics (Restructuring Performed)
 13. Source assignments for AverageFilteredData:u_memory|altsyncram:altsyncram_component|altsyncram_p5u3:auto_generated
 14. Parameter Settings for User Entity Instance: AverageFilteredData:u_memory|altsyncram:altsyncram_component
 15. altsyncram Parameter Settings by Entity Instance
 16. Port Connectivity Checks: "AverageFilteredData:u_memory"
 17. Post-Synthesis Netlist Statistics for Top Partition
 18. Elapsed Time Per Partition
 19. Analysis & Synthesis Messages



----------------
; Legal Notice ;
----------------
Copyright (C) 2018  Intel Corporation. All rights reserved.
Your use of Intel Corporation's design tools, logic functions 
and other software and tools, and its AMPP partner logic 
functions, and any output files from any of the foregoing 
(including device programming or simulation files), and any 
associated documentation or information are expressly subject 
to the terms and conditions of the Intel Program License 
Subscription Agreement, the Intel Quartus Prime License Agreement,
the Intel FPGA IP License Agreement, or other applicable license
agreement, including, without limitation, that your use is for
the sole purpose of programming logic devices manufactured by
Intel and sold by Intel or its authorized distributors.  Please
refer to the applicable agreement for further details.



+-------------------------------------------------------------------------------+
; Analysis & Synthesis Summary                                                  ;
+---------------------------------+---------------------------------------------+
; Analysis & Synthesis Status     ; Successful - Sun May 03 16:34:30 2026       ;
; Quartus Prime Version           ; 18.1.0 Build 625 09/12/2018 SJ Lite Edition ;
; Revision Name                   ; ASP                                         ;
; Top-level Entity Name           ; Correlation_Calculator                      ;
; Family                          ; Cyclone V                                   ;
; Logic utilization (in ALMs)     ; N/A                                         ;
; Total registers                 ; 0                                           ;
; Total pins                      ; 75                                          ;
; Total virtual pins              ; 0                                           ;
; Total block memory bits         ; 0                                           ;
; Total DSP Blocks                ; 0                                           ;
; Total HSSI RX PCSs              ; 0                                           ;
; Total HSSI PMA RX Deserializers ; 0                                           ;
; Total HSSI TX PCSs              ; 0                                           ;
; Total HSSI PMA TX Serializers   ; 0                                           ;
; Total PLLs                      ; 0                                           ;
; Total DLLs                      ; 0                                           ;
+---------------------------------+---------------------------------------------+


+-------------------------------------------------------------------------------------------------------------------------------+
; Analysis & Synthesis Settings                                                                                                 ;
+---------------------------------------------------------------------------------+------------------------+--------------------+
; Option                                                                          ; Setting                ; Default Value      ;
+---------------------------------------------------------------------------------+------------------------+--------------------+
; Device                                                                          ; 5CSEMA5F31C6           ;                    ;
; Top-level entity name                                                           ; Correlation_Calculator ; ASP                ;
; Family name                                                                     ; Cyclone V              ; Cyclone V          ;
; Use smart compilation                                                           ; Off                    ; Off                ;
; Enable parallel Assembler and Timing Analyzer during compilation                ; On                     ; On                 ;
; Enable compact report table                                                     ; Off                    ; Off                ;
; Restructure Multiplexers                                                        ; Auto                   ; Auto               ;
; MLAB Add Timing Constraints For Mixed-Port Feed-Through Mode Setting Don't Care ; Off                    ; Off                ;
; Create Debugging Nodes for IP Cores                                             ; Off                    ; Off                ;
; Preserve fewer node names                                                       ; On                     ; On                 ;
; Intel FPGA IP Evaluation Mode                                                   ; Enable                 ; Enable             ;
; Verilog Version                                                                 ; Verilog_2001           ; Verilog_2001       ;
; VHDL Version                                                                    ; VHDL_1993              ; VHDL_1993          ;
; State Machine Processing                                                        ; Auto                   ; Auto               ;
; Safe State Machine                                                              ; Off                    ; Off                ;
; Extract Verilog State Machines                                                  ; On                     ; On                 ;
; Extract VHDL State Machines                                                     ; On                     ; On                 ;
; Ignore Verilog initial constructs                                               ; Off                    ; Off                ;
; Iteration limit for constant Verilog loops                                      ; 5000                   ; 5000               ;
; Iteration limit for non-constant Verilog loops                                  ; 250                    ; 250                ;
; Add Pass-Through Logic to Inferred RAMs                                         ; On                     ; On                 ;
; Infer RAMs from Raw Logic                                                       ; On                     ; On                 ;
; Parallel Synthesis                                                              ; On                     ; On                 ;
; DSP Block Balancing                                                             ; Auto                   ; Auto               ;
; NOT Gate Push-Back                                                              ; On                     ; On                 ;
; Power-Up Don't Care                                                             ; On                     ; On                 ;
; Remove Redundant Logic Cells                                                    ; Off                    ; Off                ;
; Remove Duplicate Registers                                                      ; On                     ; On                 ;
; Ignore CARRY Buffers                                                            ; Off                    ; Off                ;
; Ignore CASCADE Buffers                                                          ; Off                    ; Off                ;
; Ignore GLOBAL Buffers                                                           ; Off                    ; Off                ;
; Ignore ROW GLOBAL Buffers                                                       ; Off                    ; Off                ;
; Ignore LCELL Buffers                                                            ; Off                    ; Off                ;
; Ignore SOFT Buffers                                                             ; On                     ; On                 ;
; Limit AHDL Integers to 32 Bits                                                  ; Off                    ; Off                ;
; Optimization Technique                                                          ; Balanced               ; Balanced           ;
; Carry Chain Length                                                              ; 70                     ; 70                 ;
; Auto Carry Chains                                                               ; On                     ; On                 ;
; Auto Open-Drain Pins                                                            ; On                     ; On                 ;
; Perform WYSIWYG Primitive Resynthesis                                           ; Off                    ; Off                ;
; Auto ROM Replacement                                                            ; On                     ; On                 ;
; Auto RAM Replacement                                                            ; On                     ; On                 ;
; Auto DSP Block Replacement                                                      ; On                     ; On                 ;
; Auto Shift Register Replacement                                                 ; Auto                   ; Auto               ;
; Allow Shift Register Merging across Hierarchies                                 ; Auto                   ; Auto               ;
; Auto Clock Enable Replacement                                                   ; On                     ; On                 ;
; Strict RAM Replacement                                                          ; Off                    ; Off                ;
; Allow Synchronous Control Signals                                               ; On                     ; On                 ;
; Force Use of Synchronous Clear Signals                                          ; Off                    ; Off                ;
; Auto Resource Sharing                                                           ; Off                    ; Off                ;
; Allow Any RAM Size For Recognition                                              ; Off                    ; Off                ;
; Allow Any ROM Size For Recognition                                              ; Off                    ; Off                ;
; Allow Any Shift Register Size For Recognition                                   ; Off                    ; Off                ;
; Use LogicLock Constraints during Resource Balancing                             ; On                     ; On                 ;
; Ignore translate_off and synthesis_off directives                               ; Off                    ; Off                ;
; Timing-Driven Synthesis                                                         ; On                     ; On                 ;
; Report Parameter Settings                                                       ; On                     ; On                 ;
; Report Source Assignments                                                       ; On                     ; On                 ;
; Report Connectivity Checks                                                      ; On                     ; On                 ;
; Ignore Maximum Fan-Out Assignments                                              ; Off                    ; Off                ;
; Synchronization Register Chain Length                                           ; 3                      ; 3                  ;
; Power Optimization During Synthesis                                             ; Normal compilation     ; Normal compilation ;
; HDL message level                                                               ; Level2                 ; Level2             ;
; Suppress Register Optimization Related Messages                                 ; Off                    ; Off                ;
; Number of Removed Registers Reported in Synthesis Report                        ; 5000                   ; 5000               ;
; Number of Swept Nodes Reported in Synthesis Report                              ; 5000                   ; 5000               ;
; Number of Inverted Registers Reported in Synthesis Report                       ; 100                    ; 100                ;
; Clock MUX Protection                                                            ; On                     ; On                 ;
; Auto Gated Clock Conversion                                                     ; Off                    ; Off                ;
; Block Design Naming                                                             ; Auto                   ; Auto               ;
; SDC constraint protection                                                       ; Off                    ; Off                ;
; Synthesis Effort                                                                ; Auto                   ; Auto               ;
; Shift Register Replacement - Allow Asynchronous Clear Signal                    ; On                     ; On                 ;
; Pre-Mapping Resynthesis Optimization                                            ; Off                    ; Off                ;
; Analysis & Synthesis Message Level                                              ; Medium                 ; Medium             ;
; Disable Register Merging Across Hierarchies                                     ; Auto                   ; Auto               ;
; Resource Aware Inference For Block RAM                                          ; On                     ; On                 ;
; Automatic Parallel Synthesis                                                    ; On                     ; On                 ;
; Partial Reconfiguration Bitstream ID                                            ; Off                    ; Off                ;
+---------------------------------------------------------------------------------+------------------------+--------------------+


+------------------------------------------+
; Parallel Compilation                     ;
+----------------------------+-------------+
; Processors                 ; Number      ;
+----------------------------+-------------+
; Number detected on machine ; 16          ;
; Maximum allowed            ; 16          ;
;                            ;             ;
; Average used               ; 1.00        ;
; Maximum used               ; 1           ;
;                            ;             ;
; Usage by Processor         ; % Time Used ;
;     Processor 1            ; 100.0%      ;
+----------------------------+-------------+


+------------------------------------------------------------------------------------------------------------------------------------------------------------------------------+
; Analysis & Synthesis Source Files Read                                                                                                                                       ;
+------------------------------------+-----------------+------------------------------+------------------------------------------------------------------------------+---------+
; File Name with User-Entered Path   ; Used in Netlist ; File Type                    ; File Name with Absolute Path                                                 ; Library ;
+------------------------------------+-----------------+------------------------------+------------------------------------------------------------------------------+---------+
; ASPVHDL/mac.vhd                    ; yes             ; User VHDL File               ; C:/intelFPGA_lite/18.1/701/701/ASP/ASPVHDL/mac.vhd                           ;         ;
; ASPVHDL/Correlation_Calculator.vhd ; yes             ; User VHDL File               ; C:/intelFPGA_lite/18.1/701/701/ASP/ASPVHDL/Correlation_Calculator.vhd        ;         ;
; ASPVHDL/asp_types.vhd              ; yes             ; User VHDL File               ; C:/intelFPGA_lite/18.1/701/701/ASP/ASPVHDL/asp_types.vhd                     ;         ;
; ASPVHDL/asp_constants.vhd          ; yes             ; User VHDL File               ; C:/intelFPGA_lite/18.1/701/701/ASP/ASPVHDL/asp_constants.vhd                 ;         ;
; ASPVHDL/address_generator.vhd      ; yes             ; User VHDL File               ; C:/intelFPGA_lite/18.1/701/701/ASP/ASPVHDL/address_generator.vhd             ;         ;
; ASPVHDL/AverageFilteredData.vhd    ; yes             ; User Wizard-Generated File   ; C:/intelFPGA_lite/18.1/701/701/ASP/ASPVHDL/AverageFilteredData.vhd           ;         ;
; altsyncram.tdf                     ; yes             ; Megafunction                 ; c:/intelfpga_lite/18.1/quartus/libraries/megafunctions/altsyncram.tdf        ;         ;
; stratix_ram_block.inc              ; yes             ; Megafunction                 ; c:/intelfpga_lite/18.1/quartus/libraries/megafunctions/stratix_ram_block.inc ;         ;
; lpm_mux.inc                        ; yes             ; Megafunction                 ; c:/intelfpga_lite/18.1/quartus/libraries/megafunctions/lpm_mux.inc           ;         ;
; lpm_decode.inc                     ; yes             ; Megafunction                 ; c:/intelfpga_lite/18.1/quartus/libraries/megafunctions/lpm_decode.inc        ;         ;
; aglobal181.inc                     ; yes             ; Megafunction                 ; c:/intelfpga_lite/18.1/quartus/libraries/megafunctions/aglobal181.inc        ;         ;
; a_rdenreg.inc                      ; yes             ; Megafunction                 ; c:/intelfpga_lite/18.1/quartus/libraries/megafunctions/a_rdenreg.inc         ;         ;
; altrom.inc                         ; yes             ; Megafunction                 ; c:/intelfpga_lite/18.1/quartus/libraries/megafunctions/altrom.inc            ;         ;
; altram.inc                         ; yes             ; Megafunction                 ; c:/intelfpga_lite/18.1/quartus/libraries/megafunctions/altram.inc            ;         ;
; altdpram.inc                       ; yes             ; Megafunction                 ; c:/intelfpga_lite/18.1/quartus/libraries/megafunctions/altdpram.inc          ;         ;
; db/altsyncram_p5u3.tdf             ; yes             ; Auto-Generated Megafunction  ; C:/intelFPGA_lite/18.1/701/701/ASP/db/altsyncram_p5u3.tdf                    ;         ;
+------------------------------------+-----------------+------------------------------+------------------------------------------------------------------------------+---------+


+-----------------------------------------------------+
; Analysis & Synthesis Resource Usage Summary         ;
+---------------------------------------------+-------+
; Resource                                    ; Usage ;
+---------------------------------------------+-------+
; Estimate of Logic utilization (ALMs needed) ; 0     ;
;                                             ;       ;
; Combinational ALUT usage for logic          ; 0     ;
;     -- 7 input functions                    ; 0     ;
;     -- 6 input functions                    ; 0     ;
;     -- 5 input functions                    ; 0     ;
;     -- 4 input functions                    ; 0     ;
;     -- <=3 input functions                  ; 0     ;
;                                             ;       ;
; Dedicated logic registers                   ; 0     ;
;                                             ;       ;
; I/O pins                                    ; 75    ;
;                                             ;       ;
; Total DSP Blocks                            ; 0     ;
;                                             ;       ;
; Maximum fan-out node                        ; reset ;
; Maximum fan-out                             ; 1     ;
; Total fan-out                               ; 75    ;
; Average fan-out                             ; 0.50  ;
+---------------------------------------------+-------+


+-------------------------------------------------------------------------------------------------------------------------------------------------------------------------------------------------------+
; Analysis & Synthesis Resource Utilization by Entity                                                                                                                                                   ;
+----------------------------+---------------------+---------------------------+-------------------+------------+------+--------------+-------------------------+------------------------+--------------+
; Compilation Hierarchy Node ; Combinational ALUTs ; Dedicated Logic Registers ; Block Memory Bits ; DSP Blocks ; Pins ; Virtual Pins ; Full Hierarchy Name     ; Entity Name            ; Library Name ;
+----------------------------+---------------------+---------------------------+-------------------+------------+------+--------------+-------------------------+------------------------+--------------+
; |Correlation_Calculator    ; 0 (0)               ; 0 (0)                     ; 0                 ; 0          ; 75   ; 0            ; |Correlation_Calculator ; Correlation_Calculator ; work         ;
+----------------------------+---------------------+---------------------------+-------------------+------------+------+--------------+-------------------------+------------------------+--------------+
Note: For table entries with two numbers listed, the numbers in parentheses indicate the number of resources of the given type used by the specific entity alone. The numbers listed outside of parentheses indicate the total resources of the given type used by the specific entity and all of its sub-entities in the hierarchy.


+--------------------------------------------------------------------------------------------------------------------------------------------------------+
; Analysis & Synthesis IP Cores Summary                                                                                                                  ;
+--------+--------------+---------+--------------+--------------+------------------------------------------------------+---------------------------------+
; Vendor ; IP Core Name ; Version ; Release Date ; License Type ; Entity Instance                                      ; IP Include File                 ;
+--------+--------------+---------+--------------+--------------+------------------------------------------------------+---------------------------------+
; Altera ; RAM: 2-PORT  ; 18.1    ; N/A          ; N/A          ; |Correlation_Calculator|AverageFilteredData:u_memory ; ASPVHDL/AverageFilteredData.vhd ;
+--------+--------------+---------+--------------+--------------+------------------------------------------------------+---------------------------------+


+-------------------------------------------------------------------------------------------------------------------+
; Registers Removed During Synthesis                                                                                ;
+---------------------------------------------------------------------+---------------------------------------------+
; Register name                                                       ; Reason for Removal                          ;
+---------------------------------------------------------------------+---------------------------------------------+
; address_generator:u_address_generator|counter_ff[0..8]              ; Lost fanout                                 ;
; mac:u_operation|cor_pair_product_ff[0..33]                          ; Lost fanout                                 ;
; mac:u_operation|multiplicand_temp_ff[0..16]                         ; Lost fanout                                 ;
; mac:u_operation|current_ave_data_ff[0..16]                          ; Lost fanout                                 ;
; mac:u_operation|offset_h_ff[0..15]                                  ; Lost fanout                                 ;
; mac:u_operation|correlation_temp_ff_i[9..24,26..35]                 ; Stuck at GND due to stuck port sclear       ;
; address_generator:u_address_generator|new_ave_data_addr_ff[0..8]    ; Stuck at GND due to stuck port sclear       ;
; mac:u_operation|correlation_temp_ff_i[0..8,25]                      ; Stuck at GND due to stuck port sclear       ;
; address_generator:u_address_generator|correlation_window_n_ff[0..8] ; Stuck at GND due to stuck port clock_enable ;
; Total Number of Removed Registers = 147                             ;                                             ;
+---------------------------------------------------------------------+---------------------------------------------+


+--------------------------------------------------------------------------------------------------------------------------------------------------------------------------------+
; Removed Registers Triggering Further Register Optimizations                                                                                                                    ;
+---------------------------------------------------------------+--------------------------+-------------------------------------------------------------------------------------+
; Register name                                                 ; Reason for Removal       ; Registers Removed due to This Register                                              ;
+---------------------------------------------------------------+--------------------------+-------------------------------------------------------------------------------------+
; mac:u_operation|cor_pair_product_ff[0]                        ; Lost Fanouts             ; mac:u_operation|multiplicand_temp_ff[0], mac:u_operation|multiplicand_temp_ff[1],   ;
;                                                               ;                          ; mac:u_operation|multiplicand_temp_ff[2], mac:u_operation|multiplicand_temp_ff[3],   ;
;                                                               ;                          ; mac:u_operation|multiplicand_temp_ff[4], mac:u_operation|multiplicand_temp_ff[5],   ;
;                                                               ;                          ; mac:u_operation|multiplicand_temp_ff[6], mac:u_operation|current_ave_data_ff[0],    ;
;                                                               ;                          ; mac:u_operation|current_ave_data_ff[1], mac:u_operation|current_ave_data_ff[2],     ;
;                                                               ;                          ; mac:u_operation|current_ave_data_ff[3], mac:u_operation|current_ave_data_ff[4],     ;
;                                                               ;                          ; mac:u_operation|current_ave_data_ff[5], mac:u_operation|current_ave_data_ff[6],     ;
;                                                               ;                          ; mac:u_operation|offset_h_ff[15], mac:u_operation|offset_h_ff[14],                   ;
;                                                               ;                          ; mac:u_operation|offset_h_ff[13], mac:u_operation|offset_h_ff[12],                   ;
;                                                               ;                          ; mac:u_operation|offset_h_ff[11], mac:u_operation|offset_h_ff[10],                   ;
;                                                               ;                          ; mac:u_operation|offset_h_ff[9], mac:u_operation|offset_h_ff[8]                      ;
; address_generator:u_address_generator|new_ave_data_addr_ff[0] ; Stuck at GND             ; mac:u_operation|correlation_temp_ff_i[6], mac:u_operation|correlation_temp_ff_i[7], ;
;                                                               ; due to stuck port sclear ; mac:u_operation|correlation_temp_ff_i[8]                                            ;
; mac:u_operation|multiplicand_temp_ff[7]                       ; Lost Fanouts             ; mac:u_operation|current_ave_data_ff[7]                                              ;
; mac:u_operation|multiplicand_temp_ff[8]                       ; Lost Fanouts             ; mac:u_operation|current_ave_data_ff[8]                                              ;
; mac:u_operation|multiplicand_temp_ff[9]                       ; Lost Fanouts             ; mac:u_operation|current_ave_data_ff[9]                                              ;
; mac:u_operation|multiplicand_temp_ff[10]                      ; Lost Fanouts             ; mac:u_operation|current_ave_data_ff[10]                                             ;
; mac:u_operation|multiplicand_temp_ff[11]                      ; Lost Fanouts             ; mac:u_operation|current_ave_data_ff[11]                                             ;
; mac:u_operation|multiplicand_temp_ff[12]                      ; Lost Fanouts             ; mac:u_operation|current_ave_data_ff[12]                                             ;
; mac:u_operation|multiplicand_temp_ff[13]                      ; Lost Fanouts             ; mac:u_operation|current_ave_data_ff[13]                                             ;
; mac:u_operation|multiplicand_temp_ff[14]                      ; Lost Fanouts             ; mac:u_operation|current_ave_data_ff[14]                                             ;
; mac:u_operation|multiplicand_temp_ff[15]                      ; Lost Fanouts             ; mac:u_operation|current_ave_data_ff[15]                                             ;
; mac:u_operation|multiplicand_temp_ff[16]                      ; Lost Fanouts             ; mac:u_operation|current_ave_data_ff[16]                                             ;
; mac:u_operation|correlation_temp_ff_i[9]                      ; Stuck at GND             ; mac:u_operation|correlation_temp_ff_i[24]                                           ;
;                                                               ; due to stuck port sclear ;                                                                                     ;
; mac:u_operation|correlation_temp_ff_i[10]                     ; Stuck at GND             ; mac:u_operation|correlation_temp_ff_i[25]                                           ;
;                                                               ; due to stuck port sclear ;                                                                                     ;
; mac:u_operation|correlation_temp_ff_i[11]                     ; Stuck at GND             ; mac:u_operation|correlation_temp_ff_i[26]                                           ;
;                                                               ; due to stuck port sclear ;                                                                                     ;
; mac:u_operation|correlation_temp_ff_i[12]                     ; Stuck at GND             ; mac:u_operation|correlation_temp_ff_i[27]                                           ;
;                                                               ; due to stuck port sclear ;                                                                                     ;
; mac:u_operation|correlation_temp_ff_i[13]                     ; Stuck at GND             ; mac:u_operation|correlation_temp_ff_i[28]                                           ;
;                                                               ; due to stuck port sclear ;                                                                                     ;
; mac:u_operation|correlation_temp_ff_i[14]                     ; Stuck at GND             ; mac:u_operation|correlation_temp_ff_i[29]                                           ;
;                                                               ; due to stuck port sclear ;                                                                                     ;
; mac:u_operation|correlation_temp_ff_i[15]                     ; Stuck at GND             ; mac:u_operation|correlation_temp_ff_i[30]                                           ;
;                                                               ; due to stuck port sclear ;                                                                                     ;
; mac:u_operation|correlation_temp_ff_i[16]                     ; Stuck at GND             ; mac:u_operation|correlation_temp_ff_i[31]                                           ;
;                                                               ; due to stuck port sclear ;                                                                                     ;
; mac:u_operation|correlation_temp_ff_i[17]                     ; Stuck at GND             ; mac:u_operation|correlation_temp_ff_i[32]                                           ;
;                                                               ; due to stuck port sclear ;                                                                                     ;
; mac:u_operation|correlation_temp_ff_i[18]                     ; Stuck at GND             ; mac:u_operation|correlation_temp_ff_i[33]                                           ;
;                                                               ; due to stuck port sclear ;                                                                                     ;
; mac:u_operation|correlation_temp_ff_i[19]                     ; Stuck at GND             ; mac:u_operation|correlation_temp_ff_i[34]                                           ;
;                                                               ; due to stuck port sclear ;                                                                                     ;
; mac:u_operation|correlation_temp_ff_i[20]                     ; Stuck at GND             ; mac:u_operation|correlation_temp_ff_i[35]                                           ;
;                                                               ; due to stuck port sclear ;                                                                                     ;
+---------------------------------------------------------------+--------------------------+-------------------------------------------------------------------------------------+


+------------------------------------------------------+
; General Register Statistics                          ;
+----------------------------------------------+-------+
; Statistic                                    ; Value ;
+----------------------------------------------+-------+
; Total registers                              ; 0     ;
; Number of registers using Synchronous Clear  ; 0     ;
; Number of registers using Synchronous Load   ; 0     ;
; Number of registers using Asynchronous Clear ; 0     ;
; Number of registers using Asynchronous Load  ; 0     ;
; Number of registers using Clock Enable       ; 0     ;
; Number of registers using Preset             ; 0     ;
+----------------------------------------------+-------+


+----------------------------------------------------------------------------------------------------------------------------------------------------------------------------------+
; Multiplexer Restructuring Statistics (Restructuring Performed)                                                                                                                   ;
+--------------------+-----------+---------------+----------------------+------------------------+------------+--------------------------------------------------------------------+
; Multiplexer Inputs ; Bus Width ; Baseline Area ; Area if Restructured ; Saving if Restructured ; Registered ; Example Multiplexer Output                                         ;
+--------------------+-----------+---------------+----------------------+------------------------+------------+--------------------------------------------------------------------+
; 3:1                ; 54 bits   ; 108 LEs       ; 0 LEs                ; 108 LEs                ; Yes        ; |Correlation_Calculator|mac:u_operation|correlation_temp_ff_i[9]   ;
; 3:1                ; 9 bits    ; 18 LEs        ; 0 LEs                ; 18 LEs                 ; No         ; |Correlation_Calculator|address_generator:u_address_generator|Add5 ;
+--------------------+-----------+---------------+----------------------+------------------------+------------+--------------------------------------------------------------------+


+--------------------------------------------------------------------------------------------------------------------+
; Source assignments for AverageFilteredData:u_memory|altsyncram:altsyncram_component|altsyncram_p5u3:auto_generated ;
+---------------------------------+--------------------+------+------------------------------------------------------+
; Assignment                      ; Value              ; From ; To                                                   ;
+---------------------------------+--------------------+------+------------------------------------------------------+
; OPTIMIZE_POWER_DURING_SYNTHESIS ; NORMAL_COMPILATION ; -    ; -                                                    ;
+---------------------------------+--------------------+------+------------------------------------------------------+


+-----------------------------------------------------------------------------------------------------------+
; Parameter Settings for User Entity Instance: AverageFilteredData:u_memory|altsyncram:altsyncram_component ;
+------------------------------------+----------------------+-----------------------------------------------+
; Parameter Name                     ; Value                ; Type                                          ;
+------------------------------------+----------------------+-----------------------------------------------+
; BYTE_SIZE_BLOCK                    ; 8                    ; Untyped                                       ;
; AUTO_CARRY_CHAINS                  ; ON                   ; AUTO_CARRY                                    ;
; IGNORE_CARRY_BUFFERS               ; OFF                  ; IGNORE_CARRY                                  ;
; AUTO_CASCADE_CHAINS                ; ON                   ; AUTO_CASCADE                                  ;
; IGNORE_CASCADE_BUFFERS             ; OFF                  ; IGNORE_CASCADE                                ;
; WIDTH_BYTEENA                      ; 1                    ; Untyped                                       ;
; OPERATION_MODE                     ; DUAL_PORT            ; Untyped                                       ;
; WIDTH_A                            ; 16                   ; Signed Integer                                ;
; WIDTHAD_A                          ; 9                    ; Signed Integer                                ;
; NUMWORDS_A                         ; 512                  ; Signed Integer                                ;
; OUTDATA_REG_A                      ; UNREGISTERED         ; Untyped                                       ;
; ADDRESS_ACLR_A                     ; NONE                 ; Untyped                                       ;
; OUTDATA_ACLR_A                     ; NONE                 ; Untyped                                       ;
; WRCONTROL_ACLR_A                   ; NONE                 ; Untyped                                       ;
; INDATA_ACLR_A                      ; NONE                 ; Untyped                                       ;
; BYTEENA_ACLR_A                     ; NONE                 ; Untyped                                       ;
; WIDTH_B                            ; 16                   ; Signed Integer                                ;
; WIDTHAD_B                          ; 9                    ; Signed Integer                                ;
; NUMWORDS_B                         ; 512                  ; Signed Integer                                ;
; INDATA_REG_B                       ; CLOCK1               ; Untyped                                       ;
; WRCONTROL_WRADDRESS_REG_B          ; CLOCK1               ; Untyped                                       ;
; RDCONTROL_REG_B                    ; CLOCK1               ; Untyped                                       ;
; ADDRESS_REG_B                      ; CLOCK0               ; Untyped                                       ;
; OUTDATA_REG_B                      ; CLOCK0               ; Untyped                                       ;
; BYTEENA_REG_B                      ; CLOCK1               ; Untyped                                       ;
; INDATA_ACLR_B                      ; NONE                 ; Untyped                                       ;
; WRCONTROL_ACLR_B                   ; NONE                 ; Untyped                                       ;
; ADDRESS_ACLR_B                     ; NONE                 ; Untyped                                       ;
; OUTDATA_ACLR_B                     ; NONE                 ; Untyped                                       ;
; RDCONTROL_ACLR_B                   ; NONE                 ; Untyped                                       ;
; BYTEENA_ACLR_B                     ; NONE                 ; Untyped                                       ;
; WIDTH_BYTEENA_A                    ; 1                    ; Signed Integer                                ;
; WIDTH_BYTEENA_B                    ; 1                    ; Signed Integer                                ;
; RAM_BLOCK_TYPE                     ; AUTO                 ; Untyped                                       ;
; BYTE_SIZE                          ; 8                    ; Signed Integer                                ;
; READ_DURING_WRITE_MODE_MIXED_PORTS ; DONT_CARE            ; Untyped                                       ;
; READ_DURING_WRITE_MODE_PORT_A      ; NEW_DATA_NO_NBE_READ ; Untyped                                       ;
; READ_DURING_WRITE_MODE_PORT_B      ; NEW_DATA_NO_NBE_READ ; Untyped                                       ;
; INIT_FILE                          ; UNUSED               ; Untyped                                       ;
; INIT_FILE_LAYOUT                   ; PORT_A               ; Untyped                                       ;
; MAXIMUM_DEPTH                      ; 0                    ; Signed Integer                                ;
; CLOCK_ENABLE_INPUT_A               ; BYPASS               ; Untyped                                       ;
; CLOCK_ENABLE_INPUT_B               ; BYPASS               ; Untyped                                       ;
; CLOCK_ENABLE_OUTPUT_A              ; NORMAL               ; Untyped                                       ;
; CLOCK_ENABLE_OUTPUT_B              ; BYPASS               ; Untyped                                       ;
; CLOCK_ENABLE_CORE_A                ; USE_INPUT_CLKEN      ; Untyped                                       ;
; CLOCK_ENABLE_CORE_B                ; USE_INPUT_CLKEN      ; Untyped                                       ;
; ENABLE_ECC                         ; FALSE                ; Untyped                                       ;
; ECC_PIPELINE_STAGE_ENABLED         ; FALSE                ; Untyped                                       ;
; WIDTH_ECCSTATUS                    ; 3                    ; Signed Integer                                ;
; DEVICE_FAMILY                      ; Cyclone V            ; Untyped                                       ;
; CBXI_PARAMETER                     ; altsyncram_p5u3      ; Untyped                                       ;
+------------------------------------+----------------------+-----------------------------------------------+
Note: In order to hide this table in the UI and the text report file, please set the "Show Parameter Settings in Synthesis Report" option in "Analysis and Synthesis Settings -> More Settings" to "Off".


+----------------------------------------------------------------------------------------------------------+
; altsyncram Parameter Settings by Entity Instance                                                         ;
+-------------------------------------------+--------------------------------------------------------------+
; Name                                      ; Value                                                        ;
+-------------------------------------------+--------------------------------------------------------------+
; Number of entity instances                ; 1                                                            ;
; Entity Instance                           ; AverageFilteredData:u_memory|altsyncram:altsyncram_component ;
;     -- OPERATION_MODE                     ; DUAL_PORT                                                    ;
;     -- WIDTH_A                            ; 16                                                           ;
;     -- NUMWORDS_A                         ; 512                                                          ;
;     -- OUTDATA_REG_A                      ; UNREGISTERED                                                 ;
;     -- WIDTH_B                            ; 16                                                           ;
;     -- NUMWORDS_B                         ; 512                                                          ;
;     -- ADDRESS_REG_B                      ; CLOCK0                                                       ;
;     -- OUTDATA_REG_B                      ; CLOCK0                                                       ;
;     -- RAM_BLOCK_TYPE                     ; AUTO                                                         ;
;     -- READ_DURING_WRITE_MODE_MIXED_PORTS ; DONT_CARE                                                    ;
+-------------------------------------------+--------------------------------------------------------------+


+----------------------------------------------------------------------------------------------------------------+
; Port Connectivity Checks: "AverageFilteredData:u_memory"                                                       ;
+------+--------+----------+-------------------------------------------------------------------------------------+
; Port ; Type   ; Severity ; Details                                                                             ;
+------+--------+----------+-------------------------------------------------------------------------------------+
; q    ; Output ; Info     ; Connected to dangling logic. Logic that only feeds a dangling port will be removed. ;
+------+--------+----------+-------------------------------------------------------------------------------------+


+-----------------------------------------------------+
; Post-Synthesis Netlist Statistics for Top Partition ;
+-----------------------+-----------------------------+
; Type                  ; Count                       ;
+-----------------------+-----------------------------+
; arriav_lcell_comb     ; 2                           ;
;     normal            ; 2                           ;
;         0 data inputs ; 2                           ;
; boundary_port         ; 75                          ;
;                       ;                             ;
; Max LUT depth         ; 0.00                        ;
; Average LUT depth     ; 0.00                        ;
+-----------------------+-----------------------------+


+-------------------------------+
; Elapsed Time Per Partition    ;
+----------------+--------------+
; Partition Name ; Elapsed Time ;
+----------------+--------------+
; Top            ; 00:00:00     ;
+----------------+--------------+


+-------------------------------+
; Analysis & Synthesis Messages ;
+-------------------------------+
Info: *******************************************************************
Info: Running Quartus Prime Analysis & Synthesis
    Info: Version 18.1.0 Build 625 09/12/2018 SJ Lite Edition
    Info: Processing started: Sun May 03 16:34:16 2026
Info: Command: quartus_map --read_settings_files=on --write_settings_files=off ASP -c ASP
Warning (18236): Number of processors has not been specified which may cause overloading on shared machines.  Set the global assignment NUM_PARALLEL_PROCESSORS in your QSF to an appropriate value for best performance.
Info (20030): Parallel compilation is enabled and will use 16 of the 16 processors detected
Info (12021): Found 2 design units, including 1 entities, in source file aspvhdl/mac.vhd
    Info (12022): Found design unit 1: mac-beh File: C:/intelFPGA_lite/18.1/701/701/ASP/ASPVHDL/mac.vhd Line: 28
    Info (12023): Found entity 1: mac File: C:/intelFPGA_lite/18.1/701/701/ASP/ASPVHDL/mac.vhd Line: 7
Info (12021): Found 2 design units, including 1 entities, in source file aspvhdl/correlation_calculator.vhd
    Info (12022): Found design unit 1: Correlation_Calculator-beh File: C:/intelFPGA_lite/18.1/701/701/ASP/ASPVHDL/Correlation_Calculator.vhd Line: 20
    Info (12023): Found entity 1: Correlation_Calculator File: C:/intelFPGA_lite/18.1/701/701/ASP/ASPVHDL/Correlation_Calculator.vhd Line: 4
Info (12021): Found 1 design units, including 0 entities, in source file aspvhdl/asp_types.vhd
    Info (12022): Found design unit 1: asp_types File: C:/intelFPGA_lite/18.1/701/701/ASP/ASPVHDL/asp_types.vhd Line: 5
Info (12021): Found 1 design units, including 0 entities, in source file aspvhdl/asp_constants.vhd
    Info (12022): Found design unit 1: asp_constants File: C:/intelFPGA_lite/18.1/701/701/ASP/ASPVHDL/asp_constants.vhd Line: 5
Info (12021): Found 2 design units, including 1 entities, in source file aspvhdl/address_generator.vhd
    Info (12022): Found design unit 1: address_generator-beh File: C:/intelFPGA_lite/18.1/701/701/ASP/ASPVHDL/address_generator.vhd Line: 30
    Info (12023): Found entity 1: address_generator File: C:/intelFPGA_lite/18.1/701/701/ASP/ASPVHDL/address_generator.vhd Line: 7
Info (12021): Found 2 design units, including 1 entities, in source file aspvhdl/averagefiltereddata.vhd
    Info (12022): Found design unit 1: averagefiltereddata-SYN File: C:/intelFPGA_lite/18.1/701/701/ASP/ASPVHDL/AverageFilteredData.vhd Line: 55
    Info (12023): Found entity 1: AverageFilteredData File: C:/intelFPGA_lite/18.1/701/701/ASP/ASPVHDL/AverageFilteredData.vhd Line: 42
Info (12127): Elaborating entity "Correlation_Calculator" for the top level hierarchy
Warning (10541): VHDL Signal Declaration warning at Correlation_Calculator.vhd(17): used implicit default value for signal "correlation_rdy" because signal was never assigned a value or an explicit default value. Use of implicit default value may introduce unintended design optimizations. File: C:/intelFPGA_lite/18.1/701/701/ASP/ASPVHDL/Correlation_Calculator.vhd Line: 17
Warning (10541): VHDL Signal Declaration warning at Correlation_Calculator.vhd(22): used implicit default value for signal "correlation_window_n" because signal was never assigned a value or an explicit default value. Use of implicit default value may introduce unintended design optimizations. File: C:/intelFPGA_lite/18.1/701/701/ASP/ASPVHDL/Correlation_Calculator.vhd Line: 22
Warning (10541): VHDL Signal Declaration warning at Correlation_Calculator.vhd(23): used implicit default value for signal "offset_h" because signal was never assigned a value or an explicit default value. Use of implicit default value may introduce unintended design optimizations. File: C:/intelFPGA_lite/18.1/701/701/ASP/ASPVHDL/Correlation_Calculator.vhd Line: 23
Warning (10541): VHDL Signal Declaration warning at Correlation_Calculator.vhd(26): used implicit default value for signal "dm_data_in" because signal was never assigned a value or an explicit default value. Use of implicit default value may introduce unintended design optimizations. File: C:/intelFPGA_lite/18.1/701/701/ASP/ASPVHDL/Correlation_Calculator.vhd Line: 26
Warning (10541): VHDL Signal Declaration warning at Correlation_Calculator.vhd(27): used implicit default value for signal "dm_rd_addr" because signal was never assigned a value or an explicit default value. Use of implicit default value may introduce unintended design optimizations. File: C:/intelFPGA_lite/18.1/701/701/ASP/ASPVHDL/Correlation_Calculator.vhd Line: 27
Warning (10541): VHDL Signal Declaration warning at Correlation_Calculator.vhd(28): used implicit default value for signal "dm_wr_addr" because signal was never assigned a value or an explicit default value. Use of implicit default value may introduce unintended design optimizations. File: C:/intelFPGA_lite/18.1/701/701/ASP/ASPVHDL/Correlation_Calculator.vhd Line: 28
Warning (10541): VHDL Signal Declaration warning at Correlation_Calculator.vhd(29): used implicit default value for signal "dm_wren" because signal was never assigned a value or an explicit default value. Use of implicit default value may introduce unintended design optimizations. File: C:/intelFPGA_lite/18.1/701/701/ASP/ASPVHDL/Correlation_Calculator.vhd Line: 29
Warning (10036): Verilog HDL or VHDL warning at Correlation_Calculator.vhd(30): object "dm_data_out" assigned a value but never read File: C:/intelFPGA_lite/18.1/701/701/ASP/ASPVHDL/Correlation_Calculator.vhd Line: 30
Warning (10541): VHDL Signal Declaration warning at Correlation_Calculator.vhd(33): used implicit default value for signal "new_ave_addr_en" because signal was never assigned a value or an explicit default value. Use of implicit default value may introduce unintended design optimizations. File: C:/intelFPGA_lite/18.1/701/701/ASP/ASPVHDL/Correlation_Calculator.vhd Line: 33
Warning (10541): VHDL Signal Declaration warning at Correlation_Calculator.vhd(34): used implicit default value for signal "new_ave_addr_clr" because signal was never assigned a value or an explicit default value. Use of implicit default value may introduce unintended design optimizations. File: C:/intelFPGA_lite/18.1/701/701/ASP/ASPVHDL/Correlation_Calculator.vhd Line: 34
Warning (10541): VHDL Signal Declaration warning at Correlation_Calculator.vhd(35): used implicit default value for signal "cor_window_ld" because signal was never assigned a value or an explicit default value. Use of implicit default value may introduce unintended design optimizations. File: C:/intelFPGA_lite/18.1/701/701/ASP/ASPVHDL/Correlation_Calculator.vhd Line: 35
Warning (10541): VHDL Signal Declaration warning at Correlation_Calculator.vhd(36): used implicit default value for signal "counter_en" because signal was never assigned a value or an explicit default value. Use of implicit default value may introduce unintended design optimizations. File: C:/intelFPGA_lite/18.1/701/701/ASP/ASPVHDL/Correlation_Calculator.vhd Line: 36
Warning (10541): VHDL Signal Declaration warning at Correlation_Calculator.vhd(37): used implicit default value for signal "counter_clr" because signal was never assigned a value or an explicit default value. Use of implicit default value may introduce unintended design optimizations. File: C:/intelFPGA_lite/18.1/701/701/ASP/ASPVHDL/Correlation_Calculator.vhd Line: 37
Warning (10541): VHDL Signal Declaration warning at Correlation_Calculator.vhd(38): used implicit default value for signal "ave_dm_addr_sel" because signal was never assigned a value or an explicit default value. Use of implicit default value may introduce unintended design optimizations. File: C:/intelFPGA_lite/18.1/701/701/ASP/ASPVHDL/Correlation_Calculator.vhd Line: 38
Warning (10541): VHDL Signal Declaration warning at Correlation_Calculator.vhd(41): used implicit default value for signal "current_ave_data_ld" because signal was never assigned a value or an explicit default value. Use of implicit default value may introduce unintended design optimizations. File: C:/intelFPGA_lite/18.1/701/701/ASP/ASPVHDL/Correlation_Calculator.vhd Line: 41
Warning (10541): VHDL Signal Declaration warning at Correlation_Calculator.vhd(42): used implicit default value for signal "multiplicand_temp_ld" because signal was never assigned a value or an explicit default value. Use of implicit default value may introduce unintended design optimizations. File: C:/intelFPGA_lite/18.1/701/701/ASP/ASPVHDL/Correlation_Calculator.vhd Line: 42
Warning (10541): VHDL Signal Declaration warning at Correlation_Calculator.vhd(43): used implicit default value for signal "offset_h_ld" because signal was never assigned a value or an explicit default value. Use of implicit default value may introduce unintended design optimizations. File: C:/intelFPGA_lite/18.1/701/701/ASP/ASPVHDL/Correlation_Calculator.vhd Line: 43
Warning (10541): VHDL Signal Declaration warning at Correlation_Calculator.vhd(44): used implicit default value for signal "cor_pair_product_en" because signal was never assigned a value or an explicit default value. Use of implicit default value may introduce unintended design optimizations. File: C:/intelFPGA_lite/18.1/701/701/ASP/ASPVHDL/Correlation_Calculator.vhd Line: 44
Warning (10541): VHDL Signal Declaration warning at Correlation_Calculator.vhd(45): used implicit default value for signal "cor_temp_en" because signal was never assigned a value or an explicit default value. Use of implicit default value may introduce unintended design optimizations. File: C:/intelFPGA_lite/18.1/701/701/ASP/ASPVHDL/Correlation_Calculator.vhd Line: 45
Warning (10541): VHDL Signal Declaration warning at Correlation_Calculator.vhd(46): used implicit default value for signal "cor_temp_clr" because signal was never assigned a value or an explicit default value. Use of implicit default value may introduce unintended design optimizations. File: C:/intelFPGA_lite/18.1/701/701/ASP/ASPVHDL/Correlation_Calculator.vhd Line: 46
Info (12128): Elaborating entity "address_generator" for hierarchy "address_generator:u_address_generator" File: C:/intelFPGA_lite/18.1/701/701/ASP/ASPVHDL/Correlation_Calculator.vhd Line: 48
Info (12128): Elaborating entity "AverageFilteredData" for hierarchy "AverageFilteredData:u_memory" File: C:/intelFPGA_lite/18.1/701/701/ASP/ASPVHDL/Correlation_Calculator.vhd Line: 70
Info (12128): Elaborating entity "altsyncram" for hierarchy "AverageFilteredData:u_memory|altsyncram:altsyncram_component" File: C:/intelFPGA_lite/18.1/701/701/ASP/ASPVHDL/AverageFilteredData.vhd Line: 62
Info (12130): Elaborated megafunction instantiation "AverageFilteredData:u_memory|altsyncram:altsyncram_component" File: C:/intelFPGA_lite/18.1/701/701/ASP/ASPVHDL/AverageFilteredData.vhd Line: 62
Info (12133): Instantiated megafunction "AverageFilteredData:u_memory|altsyncram:altsyncram_component" with the following parameter: File: C:/intelFPGA_lite/18.1/701/701/ASP/ASPVHDL/AverageFilteredData.vhd Line: 62
    Info (12134): Parameter "address_aclr_a" = "UNUSED"
    Info (12134): Parameter "address_aclr_b" = "NONE"
    Info (12134): Parameter "address_reg_b" = "CLOCK0"
    Info (12134): Parameter "byte_size" = "8"
    Info (12134): Parameter "byteena_aclr_a" = "UNUSED"
    Info (12134): Parameter "byteena_aclr_b" = "NONE"
    Info (12134): Parameter "byteena_reg_b" = "CLOCK1"
    Info (12134): Parameter "clock_enable_core_a" = "USE_INPUT_CLKEN"
    Info (12134): Parameter "clock_enable_core_b" = "USE_INPUT_CLKEN"
    Info (12134): Parameter "clock_enable_input_a" = "BYPASS"
    Info (12134): Parameter "clock_enable_input_b" = "BYPASS"
    Info (12134): Parameter "clock_enable_output_a" = "NORMAL"
    Info (12134): Parameter "clock_enable_output_b" = "BYPASS"
    Info (12134): Parameter "intended_device_family" = "Cyclone V"
    Info (12134): Parameter "ecc_pipeline_stage_enabled" = "FALSE"
    Info (12134): Parameter "enable_ecc" = "FALSE"
    Info (12134): Parameter "implement_in_les" = "OFF"
    Info (12134): Parameter "indata_aclr_a" = "UNUSED"
    Info (12134): Parameter "indata_aclr_b" = "NONE"
    Info (12134): Parameter "indata_reg_b" = "CLOCK1"
    Info (12134): Parameter "init_file" = "UNUSED"
    Info (12134): Parameter "init_file_layout" = "PORT_A"
    Info (12134): Parameter "maximum_depth" = "0"
    Info (12134): Parameter "numwords_a" = "512"
    Info (12134): Parameter "numwords_b" = "512"
    Info (12134): Parameter "operation_mode" = "DUAL_PORT"
    Info (12134): Parameter "outdata_aclr_a" = "NONE"
    Info (12134): Parameter "outdata_aclr_b" = "NONE"
    Info (12134): Parameter "outdata_reg_a" = "UNREGISTERED"
    Info (12134): Parameter "outdata_reg_b" = "CLOCK0"
    Info (12134): Parameter "power_up_uninitialized" = "FALSE"
    Info (12134): Parameter "ram_block_type" = "AUTO"
    Info (12134): Parameter "rdcontrol_aclr_b" = "NONE"
    Info (12134): Parameter "rdcontrol_reg_b" = "CLOCK1"
    Info (12134): Parameter "read_during_write_mode_mixed_ports" = "DONT_CARE"
    Info (12134): Parameter "read_during_write_mode_port_a" = "NEW_DATA_NO_NBE_READ"
    Info (12134): Parameter "read_during_write_mode_port_b" = "NEW_DATA_NO_NBE_READ"
    Info (12134): Parameter "stratixiv_m144k_allow_dual_clocks" = "ON"
    Info (12134): Parameter "width_a" = "16"
    Info (12134): Parameter "width_b" = "16"
    Info (12134): Parameter "width_byteena_a" = "1"
    Info (12134): Parameter "width_byteena_b" = "1"
    Info (12134): Parameter "width_eccstatus" = "3"
    Info (12134): Parameter "widthad_a" = "9"
    Info (12134): Parameter "widthad_b" = "9"
    Info (12134): Parameter "wrcontrol_aclr_a" = "UNUSED"
    Info (12134): Parameter "wrcontrol_aclr_b" = "NONE"
    Info (12134): Parameter "wrcontrol_wraddress_reg_b" = "CLOCK1"
    Info (12134): Parameter "lpm_hint" = "UNUSED"
    Info (12134): Parameter "lpm_type" = "altsyncram"
Info (12021): Found 1 design units, including 1 entities, in source file db/altsyncram_p5u3.tdf
    Info (12023): Found entity 1: altsyncram_p5u3 File: C:/intelFPGA_lite/18.1/701/701/ASP/db/altsyncram_p5u3.tdf Line: 27
Info (12128): Elaborating entity "altsyncram_p5u3" for hierarchy "AverageFilteredData:u_memory|altsyncram:altsyncram_component|altsyncram_p5u3:auto_generated" File: c:/intelfpga_lite/18.1/quartus/libraries/megafunctions/altsyncram.tdf Line: 791
Info (12128): Elaborating entity "mac" for hierarchy "mac:u_operation" File: C:/intelFPGA_lite/18.1/701/701/ASP/ASPVHDL/Correlation_Calculator.vhd Line: 80
Warning (14284): Synthesized away the following node(s):
    Warning (14285): Synthesized away the following RAM node(s):
        Warning (14320): Synthesized away node "AverageFilteredData:u_memory|altsyncram:altsyncram_component|altsyncram_p5u3:auto_generated|q_b[0]" File: C:/intelFPGA_lite/18.1/701/701/ASP/db/altsyncram_p5u3.tdf Line: 37
        Warning (14320): Synthesized away node "AverageFilteredData:u_memory|altsyncram:altsyncram_component|altsyncram_p5u3:auto_generated|q_b[1]" File: C:/intelFPGA_lite/18.1/701/701/ASP/db/altsyncram_p5u3.tdf Line: 70
        Warning (14320): Synthesized away node "AverageFilteredData:u_memory|altsyncram:altsyncram_component|altsyncram_p5u3:auto_generated|q_b[2]" File: C:/intelFPGA_lite/18.1/701/701/ASP/db/altsyncram_p5u3.tdf Line: 103
        Warning (14320): Synthesized away node "AverageFilteredData:u_memory|altsyncram:altsyncram_component|altsyncram_p5u3:auto_generated|q_b[3]" File: C:/intelFPGA_lite/18.1/701/701/ASP/db/altsyncram_p5u3.tdf Line: 136
        Warning (14320): Synthesized away node "AverageFilteredData:u_memory|altsyncram:altsyncram_component|altsyncram_p5u3:auto_generated|q_b[4]" File: C:/intelFPGA_lite/18.1/701/701/ASP/db/altsyncram_p5u3.tdf Line: 169
        Warning (14320): Synthesized away node "AverageFilteredData:u_memory|altsyncram:altsyncram_component|altsyncram_p5u3:auto_generated|q_b[5]" File: C:/intelFPGA_lite/18.1/701/701/ASP/db/altsyncram_p5u3.tdf Line: 202
        Warning (14320): Synthesized away node "AverageFilteredData:u_memory|altsyncram:altsyncram_component|altsyncram_p5u3:auto_generated|q_b[6]" File: C:/intelFPGA_lite/18.1/701/701/ASP/db/altsyncram_p5u3.tdf Line: 235
        Warning (14320): Synthesized away node "AverageFilteredData:u_memory|altsyncram:altsyncram_component|altsyncram_p5u3:auto_generated|q_b[7]" File: C:/intelFPGA_lite/18.1/701/701/ASP/db/altsyncram_p5u3.tdf Line: 268
        Warning (14320): Synthesized away node "AverageFilteredData:u_memory|altsyncram:altsyncram_component|altsyncram_p5u3:auto_generated|q_b[8]" File: C:/intelFPGA_lite/18.1/701/701/ASP/db/altsyncram_p5u3.tdf Line: 301
        Warning (14320): Synthesized away node "AverageFilteredData:u_memory|altsyncram:altsyncram_component|altsyncram_p5u3:auto_generated|q_b[9]" File: C:/intelFPGA_lite/18.1/701/701/ASP/db/altsyncram_p5u3.tdf Line: 334
        Warning (14320): Synthesized away node "AverageFilteredData:u_memory|altsyncram:altsyncram_component|altsyncram_p5u3:auto_generated|q_b[10]" File: C:/intelFPGA_lite/18.1/701/701/ASP/db/altsyncram_p5u3.tdf Line: 367
        Warning (14320): Synthesized away node "AverageFilteredData:u_memory|altsyncram:altsyncram_component|altsyncram_p5u3:auto_generated|q_b[11]" File: C:/intelFPGA_lite/18.1/701/701/ASP/db/altsyncram_p5u3.tdf Line: 400
        Warning (14320): Synthesized away node "AverageFilteredData:u_memory|altsyncram:altsyncram_component|altsyncram_p5u3:auto_generated|q_b[12]" File: C:/intelFPGA_lite/18.1/701/701/ASP/db/altsyncram_p5u3.tdf Line: 433
        Warning (14320): Synthesized away node "AverageFilteredData:u_memory|altsyncram:altsyncram_component|altsyncram_p5u3:auto_generated|q_b[13]" File: C:/intelFPGA_lite/18.1/701/701/ASP/db/altsyncram_p5u3.tdf Line: 466
        Warning (14320): Synthesized away node "AverageFilteredData:u_memory|altsyncram:altsyncram_component|altsyncram_p5u3:auto_generated|q_b[14]" File: C:/intelFPGA_lite/18.1/701/701/ASP/db/altsyncram_p5u3.tdf Line: 499
        Warning (14320): Synthesized away node "AverageFilteredData:u_memory|altsyncram:altsyncram_component|altsyncram_p5u3:auto_generated|q_b[15]" File: C:/intelFPGA_lite/18.1/701/701/ASP/db/altsyncram_p5u3.tdf Line: 532
Warning (13024): Output pins are stuck at VCC or GND
    Warning (13410): Pin "ave_data_mem_addr[0]" is stuck at VCC File: C:/intelFPGA_lite/18.1/701/701/ASP/ASPVHDL/Correlation_Calculator.vhd Line: 15
    Warning (13410): Pin "ave_data_mem_addr[1]" is stuck at VCC File: C:/intelFPGA_lite/18.1/701/701/ASP/ASPVHDL/Correlation_Calculator.vhd Line: 15
    Warning (13410): Pin "ave_data_mem_addr[2]" is stuck at VCC File: C:/intelFPGA_lite/18.1/701/701/ASP/ASPVHDL/Correlation_Calculator.vhd Line: 15
    Warning (13410): Pin "ave_data_mem_addr[3]" is stuck at VCC File: C:/intelFPGA_lite/18.1/701/701/ASP/ASPVHDL/Correlation_Calculator.vhd Line: 15
    Warning (13410): Pin "ave_data_mem_addr[4]" is stuck at VCC File: C:/intelFPGA_lite/18.1/701/701/ASP/ASPVHDL/Correlation_Calculator.vhd Line: 15
    Warning (13410): Pin "ave_data_mem_addr[5]" is stuck at VCC File: C:/intelFPGA_lite/18.1/701/701/ASP/ASPVHDL/Correlation_Calculator.vhd Line: 15
    Warning (13410): Pin "ave_data_mem_addr[6]" is stuck at VCC File: C:/intelFPGA_lite/18.1/701/701/ASP/ASPVHDL/Correlation_Calculator.vhd Line: 15
    Warning (13410): Pin "ave_data_mem_addr[7]" is stuck at VCC File: C:/intelFPGA_lite/18.1/701/701/ASP/ASPVHDL/Correlation_Calculator.vhd Line: 15
    Warning (13410): Pin "ave_data_mem_addr[8]" is stuck at VCC File: C:/intelFPGA_lite/18.1/701/701/ASP/ASPVHDL/Correlation_Calculator.vhd Line: 15
    Warning (13410): Pin "correlation[0]" is stuck at GND File: C:/intelFPGA_lite/18.1/701/701/ASP/ASPVHDL/Correlation_Calculator.vhd Line: 16
    Warning (13410): Pin "correlation[1]" is stuck at GND File: C:/intelFPGA_lite/18.1/701/701/ASP/ASPVHDL/Correlation_Calculator.vhd Line: 16
    Warning (13410): Pin "correlation[2]" is stuck at GND File: C:/intelFPGA_lite/18.1/701/701/ASP/ASPVHDL/Correlation_Calculator.vhd Line: 16
    Warning (13410): Pin "correlation[3]" is stuck at GND File: C:/intelFPGA_lite/18.1/701/701/ASP/ASPVHDL/Correlation_Calculator.vhd Line: 16
    Warning (13410): Pin "correlation[4]" is stuck at GND File: C:/intelFPGA_lite/18.1/701/701/ASP/ASPVHDL/Correlation_Calculator.vhd Line: 16
    Warning (13410): Pin "correlation[5]" is stuck at GND File: C:/intelFPGA_lite/18.1/701/701/ASP/ASPVHDL/Correlation_Calculator.vhd Line: 16
    Warning (13410): Pin "correlation[6]" is stuck at GND File: C:/intelFPGA_lite/18.1/701/701/ASP/ASPVHDL/Correlation_Calculator.vhd Line: 16
    Warning (13410): Pin "correlation[7]" is stuck at GND File: C:/intelFPGA_lite/18.1/701/701/ASP/ASPVHDL/Correlation_Calculator.vhd Line: 16
    Warning (13410): Pin "correlation[8]" is stuck at GND File: C:/intelFPGA_lite/18.1/701/701/ASP/ASPVHDL/Correlation_Calculator.vhd Line: 16
    Warning (13410): Pin "correlation[9]" is stuck at GND File: C:/intelFPGA_lite/18.1/701/701/ASP/ASPVHDL/Correlation_Calculator.vhd Line: 16
    Warning (13410): Pin "correlation[10]" is stuck at GND File: C:/intelFPGA_lite/18.1/701/701/ASP/ASPVHDL/Correlation_Calculator.vhd Line: 16
    Warning (13410): Pin "correlation[11]" is stuck at GND File: C:/intelFPGA_lite/18.1/701/701/ASP/ASPVHDL/Correlation_Calculator.vhd Line: 16
    Warning (13410): Pin "correlation[12]" is stuck at GND File: C:/intelFPGA_lite/18.1/701/701/ASP/ASPVHDL/Correlation_Calculator.vhd Line: 16
    Warning (13410): Pin "correlation[13]" is stuck at GND File: C:/intelFPGA_lite/18.1/701/701/ASP/ASPVHDL/Correlation_Calculator.vhd Line: 16
    Warning (13410): Pin "correlation[14]" is stuck at GND File: C:/intelFPGA_lite/18.1/701/701/ASP/ASPVHDL/Correlation_Calculator.vhd Line: 16
    Warning (13410): Pin "correlation[15]" is stuck at GND File: C:/intelFPGA_lite/18.1/701/701/ASP/ASPVHDL/Correlation_Calculator.vhd Line: 16
    Warning (13410): Pin "correlation[16]" is stuck at GND File: C:/intelFPGA_lite/18.1/701/701/ASP/ASPVHDL/Correlation_Calculator.vhd Line: 16
    Warning (13410): Pin "correlation[17]" is stuck at GND File: C:/intelFPGA_lite/18.1/701/701/ASP/ASPVHDL/Correlation_Calculator.vhd Line: 16
    Warning (13410): Pin "correlation[18]" is stuck at GND File: C:/intelFPGA_lite/18.1/701/701/ASP/ASPVHDL/Correlation_Calculator.vhd Line: 16
    Warning (13410): Pin "correlation[19]" is stuck at GND File: C:/intelFPGA_lite/18.1/701/701/ASP/ASPVHDL/Correlation_Calculator.vhd Line: 16
    Warning (13410): Pin "correlation[20]" is stuck at GND File: C:/intelFPGA_lite/18.1/701/701/ASP/ASPVHDL/Correlation_Calculator.vhd Line: 16
    Warning (13410): Pin "correlation[21]" is stuck at GND File: C:/intelFPGA_lite/18.1/701/701/ASP/ASPVHDL/Correlation_Calculator.vhd Line: 16
    Warning (13410): Pin "correlation[22]" is stuck at GND File: C:/intelFPGA_lite/18.1/701/701/ASP/ASPVHDL/Correlation_Calculator.vhd Line: 16
    Warning (13410): Pin "correlation[23]" is stuck at GND File: C:/intelFPGA_lite/18.1/701/701/ASP/ASPVHDL/Correlation_Calculator.vhd Line: 16
    Warning (13410): Pin "correlation[24]" is stuck at GND File: C:/intelFPGA_lite/18.1/701/701/ASP/ASPVHDL/Correlation_Calculator.vhd Line: 16
    Warning (13410): Pin "correlation[25]" is stuck at GND File: C:/intelFPGA_lite/18.1/701/701/ASP/ASPVHDL/Correlation_Calculator.vhd Line: 16
    Warning (13410): Pin "correlation[26]" is stuck at GND File: C:/intelFPGA_lite/18.1/701/701/ASP/ASPVHDL/Correlation_Calculator.vhd Line: 16
    Warning (13410): Pin "correlation[27]" is stuck at GND File: C:/intelFPGA_lite/18.1/701/701/ASP/ASPVHDL/Correlation_Calculator.vhd Line: 16
    Warning (13410): Pin "correlation[28]" is stuck at GND File: C:/intelFPGA_lite/18.1/701/701/ASP/ASPVHDL/Correlation_Calculator.vhd Line: 16
    Warning (13410): Pin "correlation[29]" is stuck at GND File: C:/intelFPGA_lite/18.1/701/701/ASP/ASPVHDL/Correlation_Calculator.vhd Line: 16
    Warning (13410): Pin "correlation[30]" is stuck at GND File: C:/intelFPGA_lite/18.1/701/701/ASP/ASPVHDL/Correlation_Calculator.vhd Line: 16
    Warning (13410): Pin "correlation[31]" is stuck at GND File: C:/intelFPGA_lite/18.1/701/701/ASP/ASPVHDL/Correlation_Calculator.vhd Line: 16
    Warning (13410): Pin "correlation[32]" is stuck at GND File: C:/intelFPGA_lite/18.1/701/701/ASP/ASPVHDL/Correlation_Calculator.vhd Line: 16
    Warning (13410): Pin "correlation[33]" is stuck at GND File: C:/intelFPGA_lite/18.1/701/701/ASP/ASPVHDL/Correlation_Calculator.vhd Line: 16
    Warning (13410): Pin "correlation[34]" is stuck at GND File: C:/intelFPGA_lite/18.1/701/701/ASP/ASPVHDL/Correlation_Calculator.vhd Line: 16
    Warning (13410): Pin "correlation[35]" is stuck at GND File: C:/intelFPGA_lite/18.1/701/701/ASP/ASPVHDL/Correlation_Calculator.vhd Line: 16
    Warning (13410): Pin "correlation_rdy" is stuck at GND File: C:/intelFPGA_lite/18.1/701/701/ASP/ASPVHDL/Correlation_Calculator.vhd Line: 17
Info (17049): 93 registers lost all their fanouts during netlist optimizations.
Info (16010): Generating hard_block partition "hard_block:auto_generated_inst"
    Info (16011): Adding 0 node(s), including 0 DDIO, 0 PLL, 0 transceiver and 0 LCELL
Warning (21074): Design contains 29 input pin(s) that do not drive logic
    Warning (15610): No output dependent on input pin "reset" File: C:/intelFPGA_lite/18.1/701/701/ASP/ASPVHDL/Correlation_Calculator.vhd Line: 8
    Warning (15610): No output dependent on input pin "init" File: C:/intelFPGA_lite/18.1/701/701/ASP/ASPVHDL/Correlation_Calculator.vhd Line: 9
    Warning (15610): No output dependent on input pin "calculate" File: C:/intelFPGA_lite/18.1/701/701/ASP/ASPVHDL/Correlation_Calculator.vhd Line: 12
    Warning (15610): No output dependent on input pin "new_ave_data_addr[0]" File: C:/intelFPGA_lite/18.1/701/701/ASP/ASPVHDL/Correlation_Calculator.vhd Line: 13
    Warning (15610): No output dependent on input pin "new_ave_data_addr[1]" File: C:/intelFPGA_lite/18.1/701/701/ASP/ASPVHDL/Correlation_Calculator.vhd Line: 13
    Warning (15610): No output dependent on input pin "new_ave_data_addr[2]" File: C:/intelFPGA_lite/18.1/701/701/ASP/ASPVHDL/Correlation_Calculator.vhd Line: 13
    Warning (15610): No output dependent on input pin "new_ave_data_addr[3]" File: C:/intelFPGA_lite/18.1/701/701/ASP/ASPVHDL/Correlation_Calculator.vhd Line: 13
    Warning (15610): No output dependent on input pin "new_ave_data_addr[4]" File: C:/intelFPGA_lite/18.1/701/701/ASP/ASPVHDL/Correlation_Calculator.vhd Line: 13
    Warning (15610): No output dependent on input pin "new_ave_data_addr[5]" File: C:/intelFPGA_lite/18.1/701/701/ASP/ASPVHDL/Correlation_Calculator.vhd Line: 13
    Warning (15610): No output dependent on input pin "new_ave_data_addr[6]" File: C:/intelFPGA_lite/18.1/701/701/ASP/ASPVHDL/Correlation_Calculator.vhd Line: 13
    Warning (15610): No output dependent on input pin "new_ave_data_addr[7]" File: C:/intelFPGA_lite/18.1/701/701/ASP/ASPVHDL/Correlation_Calculator.vhd Line: 13
    Warning (15610): No output dependent on input pin "new_ave_data_addr[8]" File: C:/intelFPGA_lite/18.1/701/701/ASP/ASPVHDL/Correlation_Calculator.vhd Line: 13
    Warning (15610): No output dependent on input pin "average_data[15]" File: C:/intelFPGA_lite/18.1/701/701/ASP/ASPVHDL/Correlation_Calculator.vhd Line: 11
    Warning (15610): No output dependent on input pin "average_data[14]" File: C:/intelFPGA_lite/18.1/701/701/ASP/ASPVHDL/Correlation_Calculator.vhd Line: 11
    Warning (15610): No output dependent on input pin "average_data[13]" File: C:/intelFPGA_lite/18.1/701/701/ASP/ASPVHDL/Correlation_Calculator.vhd Line: 11
    Warning (15610): No output dependent on input pin "average_data[12]" File: C:/intelFPGA_lite/18.1/701/701/ASP/ASPVHDL/Correlation_Calculator.vhd Line: 11
    Warning (15610): No output dependent on input pin "average_data[11]" File: C:/intelFPGA_lite/18.1/701/701/ASP/ASPVHDL/Correlation_Calculator.vhd Line: 11
    Warning (15610): No output dependent on input pin "average_data[10]" File: C:/intelFPGA_lite/18.1/701/701/ASP/ASPVHDL/Correlation_Calculator.vhd Line: 11
    Warning (15610): No output dependent on input pin "average_data[9]" File: C:/intelFPGA_lite/18.1/701/701/ASP/ASPVHDL/Correlation_Calculator.vhd Line: 11
    Warning (15610): No output dependent on input pin "average_data[8]" File: C:/intelFPGA_lite/18.1/701/701/ASP/ASPVHDL/Correlation_Calculator.vhd Line: 11
    Warning (15610): No output dependent on input pin "average_data[7]" File: C:/intelFPGA_lite/18.1/701/701/ASP/ASPVHDL/Correlation_Calculator.vhd Line: 11
    Warning (15610): No output dependent on input pin "average_data[6]" File: C:/intelFPGA_lite/18.1/701/701/ASP/ASPVHDL/Correlation_Calculator.vhd Line: 11
    Warning (15610): No output dependent on input pin "average_data[5]" File: C:/intelFPGA_lite/18.1/701/701/ASP/ASPVHDL/Correlation_Calculator.vhd Line: 11
    Warning (15610): No output dependent on input pin "average_data[4]" File: C:/intelFPGA_lite/18.1/701/701/ASP/ASPVHDL/Correlation_Calculator.vhd Line: 11
    Warning (15610): No output dependent on input pin "average_data[3]" File: C:/intelFPGA_lite/18.1/701/701/ASP/ASPVHDL/Correlation_Calculator.vhd Line: 11
    Warning (15610): No output dependent on input pin "average_data[2]" File: C:/intelFPGA_lite/18.1/701/701/ASP/ASPVHDL/Correlation_Calculator.vhd Line: 11
    Warning (15610): No output dependent on input pin "average_data[1]" File: C:/intelFPGA_lite/18.1/701/701/ASP/ASPVHDL/Correlation_Calculator.vhd Line: 11
    Warning (15610): No output dependent on input pin "average_data[0]" File: C:/intelFPGA_lite/18.1/701/701/ASP/ASPVHDL/Correlation_Calculator.vhd Line: 11
    Warning (15610): No output dependent on input pin "clock" File: C:/intelFPGA_lite/18.1/701/701/ASP/ASPVHDL/Correlation_Calculator.vhd Line: 7
Info (21057): Implemented 75 device resources after synthesis - the final resource count might be different
    Info (21058): Implemented 29 input pins
    Info (21059): Implemented 46 output pins
Info: Quartus Prime Analysis & Synthesis was successful. 0 errors, 116 warnings
    Info: Peak virtual memory: 4890 megabytes
    Info: Processing ended: Sun May 03 16:34:30 2026
    Info: Elapsed time: 00:00:14
    Info: Total CPU time (on all processors): 00:00:25


