Analysis & Synthesis report for PD_Asp
Thu May 21 11:46:12 2026
Quartus Prime Version 18.1.0 Build 625 09/12/2018 SJ Lite Edition


---------------------
; Table of Contents ;
---------------------
  1. Legal Notice
  2. Analysis & Synthesis Summary
  3. Analysis & Synthesis Settings
  4. Parallel Compilation
  5. Analysis & Synthesis Source Files Read
  6. Analysis & Synthesis Resource Usage Summary
  7. Analysis & Synthesis Resource Utilization by Entity
  8. Registers Removed During Synthesis
  9. Removed Registers Triggering Further Register Optimizations
 10. General Register Statistics
 11. Inverted Register Statistics
 12. Multiplexer Restructuring Statistics (Restructuring Performed)
 13. Parameter Settings for User Entity Instance: pd_asp:u_pd_asp
 14. Port Connectivity Checks: "pd_asp:u_pd_asp|pd_core:u_core"
 15. Port Connectivity Checks: "pd_asp:u_pd_asp"
 16. Post-Synthesis Netlist Statistics for Top Partition
 17. Elapsed Time Per Partition
 18. Analysis & Synthesis Messages



----------------
; Legal Notice ;
----------------
Copyright (C) 2018  Intel Corporation. All rights reserved.
Your use of Intel Corporation's design tools, logic functions 
and other software and tools, and its AMPP partner logic 
functions, and any output files from any of the foregoing 
(including device programming or simulation files), and any 
associated documentation or information are expressly subject 
to the terms and conditions of the Intel Program License 
Subscription Agreement, the Intel Quartus Prime License Agreement,
the Intel FPGA IP License Agreement, or other applicable license
agreement, including, without limitation, that your use is for
the sole purpose of programming logic devices manufactured by
Intel and sold by Intel or its authorized distributors.  Please
refer to the applicable agreement for further details.



+-------------------------------------------------------------------------------+
; Analysis & Synthesis Summary                                                  ;
+---------------------------------+---------------------------------------------+
; Analysis & Synthesis Status     ; Successful - Thu May 21 11:46:12 2026       ;
; Quartus Prime Version           ; 18.1.0 Build 625 09/12/2018 SJ Lite Edition ;
; Revision Name                   ; PD_Asp                                      ;
; Top-level Entity Name           ; PeakDetector_ASP                            ;
; Family                          ; Cyclone V                                   ;
; Logic utilization (in ALMs)     ; N/A                                         ;
; Total registers                 ; 217                                         ;
; Total pins                      ; 83                                          ;
; Total virtual pins              ; 0                                           ;
; Total block memory bits         ; 0                                           ;
; Total DSP Blocks                ; 0                                           ;
; Total HSSI RX PCSs              ; 0                                           ;
; Total HSSI PMA RX Deserializers ; 0                                           ;
; Total HSSI TX PCSs              ; 0                                           ;
; Total HSSI PMA TX Serializers   ; 0                                           ;
; Total PLLs                      ; 0                                           ;
; Total DLLs                      ; 0                                           ;
+---------------------------------+---------------------------------------------+


+---------------------------------------------------------------------------------------------------------------------------+
; Analysis & Synthesis Settings                                                                                             ;
+---------------------------------------------------------------------------------+--------------------+--------------------+
; Option                                                                          ; Setting            ; Default Value      ;
+---------------------------------------------------------------------------------+--------------------+--------------------+
; Device                                                                          ; 5CGXFC7C7F23C8     ;                    ;
; Top-level entity name                                                           ; PeakDetector_ASP   ; PD_Asp             ;
; Family name                                                                     ; Cyclone V          ; Cyclone V          ;
; Use smart compilation                                                           ; Off                ; Off                ;
; Enable parallel Assembler and Timing Analyzer during compilation                ; On                 ; On                 ;
; Enable compact report table                                                     ; Off                ; Off                ;
; Restructure Multiplexers                                                        ; Auto               ; Auto               ;
; MLAB Add Timing Constraints For Mixed-Port Feed-Through Mode Setting Don't Care ; Off                ; Off                ;
; Create Debugging Nodes for IP Cores                                             ; Off                ; Off                ;
; Preserve fewer node names                                                       ; On                 ; On                 ;
; Intel FPGA IP Evaluation Mode                                                   ; Enable             ; Enable             ;
; Verilog Version                                                                 ; Verilog_2001       ; Verilog_2001       ;
; VHDL Version                                                                    ; VHDL_1993          ; VHDL_1993          ;
; State Machine Processing                                                        ; Auto               ; Auto               ;
; Safe State Machine                                                              ; Off                ; Off                ;
; Extract Verilog State Machines                                                  ; On                 ; On                 ;
; Extract VHDL State Machines                                                     ; On                 ; On                 ;
; Ignore Verilog initial constructs                                               ; Off                ; Off                ;
; Iteration limit for constant Verilog loops                                      ; 5000               ; 5000               ;
; Iteration limit for non-constant Verilog loops                                  ; 250                ; 250                ;
; Add Pass-Through Logic to Inferred RAMs                                         ; On                 ; On                 ;
; Infer RAMs from Raw Logic                                                       ; On                 ; On                 ;
; Parallel Synthesis                                                              ; On                 ; On                 ;
; DSP Block Balancing                                                             ; Auto               ; Auto               ;
; NOT Gate Push-Back                                                              ; On                 ; On                 ;
; Power-Up Don't Care                                                             ; On                 ; On                 ;
; Remove Redundant Logic Cells                                                    ; Off                ; Off                ;
; Remove Duplicate Registers                                                      ; On                 ; On                 ;
; Ignore CARRY Buffers                                                            ; Off                ; Off                ;
; Ignore CASCADE Buffers                                                          ; Off                ; Off                ;
; Ignore GLOBAL Buffers                                                           ; Off                ; Off                ;
; Ignore ROW GLOBAL Buffers                                                       ; Off                ; Off                ;
; Ignore LCELL Buffers                                                            ; Off                ; Off                ;
; Ignore SOFT Buffers                                                             ; On                 ; On                 ;
; Limit AHDL Integers to 32 Bits                                                  ; Off                ; Off                ;
; Optimization Technique                                                          ; Balanced           ; Balanced           ;
; Carry Chain Length                                                              ; 70                 ; 70                 ;
; Auto Carry Chains                                                               ; On                 ; On                 ;
; Auto Open-Drain Pins                                                            ; On                 ; On                 ;
; Perform WYSIWYG Primitive Resynthesis                                           ; Off                ; Off                ;
; Auto ROM Replacement                                                            ; On                 ; On                 ;
; Auto RAM Replacement                                                            ; On                 ; On                 ;
; Auto DSP Block Replacement                                                      ; On                 ; On                 ;
; Auto Shift Register Replacement                                                 ; Auto               ; Auto               ;
; Allow Shift Register Merging across Hierarchies                                 ; Auto               ; Auto               ;
; Auto Clock Enable Replacement                                                   ; On                 ; On                 ;
; Strict RAM Replacement                                                          ; Off                ; Off                ;
; Allow Synchronous Control Signals                                               ; On                 ; On                 ;
; Force Use of Synchronous Clear Signals                                          ; Off                ; Off                ;
; Auto Resource Sharing                                                           ; Off                ; Off                ;
; Allow Any RAM Size For Recognition                                              ; Off                ; Off                ;
; Allow Any ROM Size For Recognition                                              ; Off                ; Off                ;
; Allow Any Shift Register Size For Recognition                                   ; Off                ; Off                ;
; Use LogicLock Constraints during Resource Balancing                             ; On                 ; On                 ;
; Ignore translate_off and synthesis_off directives                               ; Off                ; Off                ;
; Timing-Driven Synthesis                                                         ; On                 ; On                 ;
; Report Parameter Settings                                                       ; On                 ; On                 ;
; Report Source Assignments                                                       ; On                 ; On                 ;
; Report Connectivity Checks                                                      ; On                 ; On                 ;
; Ignore Maximum Fan-Out Assignments                                              ; Off                ; Off                ;
; Synchronization Register Chain Length                                           ; 3                  ; 3                  ;
; Power Optimization During Synthesis                                             ; Normal compilation ; Normal compilation ;
; HDL message level                                                               ; Level2             ; Level2             ;
; Suppress Register Optimization Related Messages                                 ; Off                ; Off                ;
; Number of Removed Registers Reported in Synthesis Report                        ; 5000               ; 5000               ;
; Number of Swept Nodes Reported in Synthesis Report                              ; 5000               ; 5000               ;
; Number of Inverted Registers Reported in Synthesis Report                       ; 100                ; 100                ;
; Clock MUX Protection                                                            ; On                 ; On                 ;
; Auto Gated Clock Conversion                                                     ; Off                ; Off                ;
; Block Design Naming                                                             ; Auto               ; Auto               ;
; SDC constraint protection                                                       ; Off                ; Off                ;
; Synthesis Effort                                                                ; Auto               ; Auto               ;
; Shift Register Replacement - Allow Asynchronous Clear Signal                    ; On                 ; On                 ;
; Pre-Mapping Resynthesis Optimization                                            ; Off                ; Off                ;
; Analysis & Synthesis Message Level                                              ; Medium             ; Medium             ;
; Disable Register Merging Across Hierarchies                                     ; Auto               ; Auto               ;
; Resource Aware Inference For Block RAM                                          ; On                 ; On                 ;
; Automatic Parallel Synthesis                                                    ; On                 ; On                 ;
; Partial Reconfiguration Bitstream ID                                            ; Off                ; Off                ;
+---------------------------------------------------------------------------------+--------------------+--------------------+


+------------------------------------------+
; Parallel Compilation                     ;
+----------------------------+-------------+
; Processors                 ; Number      ;
+----------------------------+-------------+
; Number detected on machine ; 12          ;
; Maximum allowed            ; 12          ;
;                            ;             ;
; Average used               ; 1.00        ;
; Maximum used               ; 12          ;
;                            ;             ;
; Usage by Processor         ; % Time Used ;
;     Processor 1            ; 100.0%      ;
;     Processors 2-12        ;   0.0%      ;
+----------------------------+-------------+


+-----------------------------------------------------------------------------------------------------------------+
; Analysis & Synthesis Source Files Read                                                                          ;
+----------------------------------+-----------------+-----------------+--------------------------------+---------+
; File Name with User-Entered Path ; Used in Netlist ; File Type       ; File Name with Absolute Path   ; Library ;
+----------------------------------+-----------------+-----------------+--------------------------------+---------+
; asp_packet_pkg.vhd               ; yes             ; User VHDL File  ; D:/701_ip/asp_packet_pkg.vhd   ;         ;
; asp_types.vhd                    ; yes             ; User VHDL File  ; D:/701_ip/asp_types.vhd        ;         ;
; TdmaMinTypes.vhd                 ; yes             ; User VHDL File  ; D:/701_ip/TdmaMinTypes.vhd     ;         ;
; pd_asp.vhd                       ; yes             ; User VHDL File  ; D:/701_ip/pd_asp.vhd           ;         ;
; pd_core.vhd                      ; yes             ; User VHDL File  ; D:/701_ip/pd_core.vhd          ;         ;
; PeakDetector_ASP.vhd             ; yes             ; User VHDL File  ; D:/701_ip/PeakDetector_ASP.vhd ;         ;
+----------------------------------+-----------------+-----------------+--------------------------------+---------+


+-----------------------------------------------------------+
; Analysis & Synthesis Resource Usage Summary               ;
+---------------------------------------------+-------------+
; Resource                                    ; Usage       ;
+---------------------------------------------+-------------+
; Estimate of Logic utilization (ALMs needed) ; 157         ;
;                                             ;             ;
; Combinational ALUT usage for logic          ; 231         ;
;     -- 7 input functions                    ; 0           ;
;     -- 6 input functions                    ; 57          ;
;     -- 5 input functions                    ; 20          ;
;     -- 4 input functions                    ; 41          ;
;     -- <=3 input functions                  ; 113         ;
;                                             ;             ;
; Dedicated logic registers                   ; 217         ;
;                                             ;             ;
; I/O pins                                    ; 83          ;
;                                             ;             ;
; Total DSP Blocks                            ; 0           ;
;                                             ;             ;
; Maximum fan-out node                        ; clock~input ;
; Maximum fan-out                             ; 217         ;
; Total fan-out                               ; 1758        ;
; Average fan-out                             ; 2.86        ;
+---------------------------------------------+-------------+


+--------------------------------------------------------------------------------------------------------------------------------------------------------------------------------------------------------------------------+
; Analysis & Synthesis Resource Utilization by Entity                                                                                                                                                                      ;
+----------------------------+---------------------+---------------------------+-------------------+------------+------+--------------+--------------------------------------------------+------------------+--------------+
; Compilation Hierarchy Node ; Combinational ALUTs ; Dedicated Logic Registers ; Block Memory Bits ; DSP Blocks ; Pins ; Virtual Pins ; Full Hierarchy Name                              ; Entity Name      ; Library Name ;
+----------------------------+---------------------+---------------------------+-------------------+------------+------+--------------+--------------------------------------------------+------------------+--------------+
; |PeakDetector_ASP          ; 231 (59)            ; 217 (33)                  ; 0                 ; 0          ; 83   ; 0            ; |PeakDetector_ASP                                ; PeakDetector_ASP ; work         ;
;    |pd_asp:u_pd_asp|       ; 172 (41)            ; 184 (76)                  ; 0                 ; 0          ; 0    ; 0            ; |PeakDetector_ASP|pd_asp:u_pd_asp                ; pd_asp           ; work         ;
;       |pd_core:u_core|     ; 131 (131)           ; 108 (108)                 ; 0                 ; 0          ; 0    ; 0            ; |PeakDetector_ASP|pd_asp:u_pd_asp|pd_core:u_core ; pd_core          ; work         ;
+----------------------------+---------------------+---------------------------+-------------------+------------+------+--------------+--------------------------------------------------+------------------+--------------+
Note: For table entries with two numbers listed, the numbers in parentheses indicate the number of resources of the given type used by the specific entity alone. The numbers listed outside of parentheses indicate the total resources of the given type used by the specific entity and all of its sub-entities in the hierarchy.


+---------------------------------------------------------------------------------+
; Registers Removed During Synthesis                                              ;
+----------------------------------------+----------------------------------------+
; Register name                          ; Reason for Removal                     ;
+----------------------------------------+----------------------------------------+
; pd_in_word[20,21,23]                   ; Stuck at GND due to stuck port data_in ;
; pd_asp:u_pd_asp|in_word_r[20,21,23]    ; Stuck at GND due to stuck port data_in ;
; pd_asp:u_pd_asp|out_word_r[27,31]      ; Stuck at GND due to stuck port data_in ;
; pd_asp:u_pd_asp|cfg_min_spacing[8..15] ; Stuck at GND due to stuck port data_in ;
; pd_in_word[30,31]                      ; Stuck at GND due to stuck port data_in ;
; pd_asp:u_pd_asp|in_word_r[30,31]       ; Stuck at GND due to stuck port data_in ;
; Total Number of Removed Registers = 20 ;                                        ;
+----------------------------------------+----------------------------------------+


+------------------------------------------------------------------------------------------------------------------------+
; Removed Registers Triggering Further Register Optimizations                                                            ;
+----------------+---------------------------+---------------------------------------------------------------------------+
; Register name  ; Reason for Removal        ; Registers Removed due to This Register                                    ;
+----------------+---------------------------+---------------------------------------------------------------------------+
; pd_in_word[20] ; Stuck at GND              ; pd_asp:u_pd_asp|in_word_r[20], pd_asp:u_pd_asp|out_word_r[27],            ;
;                ; due to stuck port data_in ; pd_asp:u_pd_asp|out_word_r[31], pd_asp:u_pd_asp|cfg_min_spacing[8],       ;
;                ;                           ; pd_asp:u_pd_asp|cfg_min_spacing[9], pd_asp:u_pd_asp|cfg_min_spacing[10],  ;
;                ;                           ; pd_asp:u_pd_asp|cfg_min_spacing[11], pd_asp:u_pd_asp|cfg_min_spacing[12], ;
;                ;                           ; pd_asp:u_pd_asp|cfg_min_spacing[13], pd_asp:u_pd_asp|cfg_min_spacing[14], ;
;                ;                           ; pd_asp:u_pd_asp|cfg_min_spacing[15]                                       ;
; pd_in_word[23] ; Stuck at GND              ; pd_asp:u_pd_asp|in_word_r[23]                                             ;
;                ; due to stuck port data_in ;                                                                           ;
; pd_in_word[21] ; Stuck at GND              ; pd_asp:u_pd_asp|in_word_r[21]                                             ;
;                ; due to stuck port data_in ;                                                                           ;
; pd_in_word[30] ; Stuck at GND              ; pd_asp:u_pd_asp|in_word_r[30]                                             ;
;                ; due to stuck port data_in ;                                                                           ;
; pd_in_word[31] ; Stuck at GND              ; pd_asp:u_pd_asp|in_word_r[31]                                             ;
;                ; due to stuck port data_in ;                                                                           ;
+----------------+---------------------------+---------------------------------------------------------------------------+


+------------------------------------------------------+
; General Register Statistics                          ;
+----------------------------------------------+-------+
; Statistic                                    ; Value ;
+----------------------------------------------+-------+
; Total registers                              ; 217   ;
; Number of registers using Synchronous Clear  ; 181   ;
; Number of registers using Synchronous Load   ; 16    ;
; Number of registers using Asynchronous Clear ; 0     ;
; Number of registers using Asynchronous Load  ; 0     ;
; Number of registers using Clock Enable       ; 154   ;
; Number of registers using Preset             ; 0     ;
+----------------------------------------------+-------+


+--------------------------------------------------+
; Inverted Register Statistics                     ;
+----------------------------------------+---------+
; Inverted Register                      ; Fan out ;
+----------------------------------------+---------+
; pd_asp:u_pd_asp|cfg_min_spacing[3]     ; 1       ;
; pd_asp:u_pd_asp|cfg_min_spacing[7]     ; 3       ;
; pd_asp:u_pd_asp|cfg_min_spacing[6]     ; 3       ;
; Total number of inverted registers = 3 ;         ;
+----------------------------------------+---------+


+----------------------------------------------------------------------------------------------------------------------------------------------------------------------------------+
; Multiplexer Restructuring Statistics (Restructuring Performed)                                                                                                                   ;
+--------------------+-----------+---------------+----------------------+------------------------+------------+--------------------------------------------------------------------+
; Multiplexer Inputs ; Bus Width ; Baseline Area ; Area if Restructured ; Saving if Restructured ; Registered ; Example Multiplexer Output                                         ;
+--------------------+-----------+---------------+----------------------+------------------------+------------+--------------------------------------------------------------------+
; 3:1                ; 20 bits   ; 40 LEs        ; 0 LEs                ; 40 LEs                 ; Yes        ; |PeakDetector_ASP|pd_asp:u_pd_asp|pd_core:u_core|last_corr_r[9]    ;
; 3:1                ; 40 bits   ; 80 LEs        ; 0 LEs                ; 80 LEs                 ; Yes        ; |PeakDetector_ASP|pd_asp:u_pd_asp|pd_core:u_core|peak_count_r[16]  ;
; 3:1                ; 20 bits   ; 40 LEs        ; 0 LEs                ; 40 LEs                 ; Yes        ; |PeakDetector_ASP|pd_asp:u_pd_asp|pd_core:u_core|missed_peaks_r[0] ;
; 3:1                ; 13 bits   ; 26 LEs        ; 0 LEs                ; 26 LEs                 ; Yes        ; |PeakDetector_ASP|pd_asp:u_pd_asp|cfg_output_dest[1]               ;
; 4:1                ; 24 bits   ; 48 LEs        ; 0 LEs                ; 48 LEs                 ; Yes        ; |PeakDetector_ASP|pd_asp:u_pd_asp|pd_core:u_core|counter_r[17]     ;
; 4:1                ; 4 bits    ; 8 LEs         ; 4 LEs                ; 4 LEs                  ; Yes        ; |PeakDetector_ASP|cor_low_payload_r[16]                            ;
; 6:1                ; 6 bits    ; 24 LEs        ; 18 LEs               ; 6 LEs                  ; Yes        ; |PeakDetector_ASP|pd_asp:u_pd_asp|out_word_r[30]                   ;
; 6:1                ; 4 bits    ; 16 LEs        ; 12 LEs               ; 4 LEs                  ; Yes        ; |PeakDetector_ASP|pd_asp:u_pd_asp|out_word_r[23]                   ;
; 6:1                ; 20 bits   ; 80 LEs        ; 40 LEs               ; 40 LEs                 ; Yes        ; |PeakDetector_ASP|pd_asp:u_pd_asp|out_word_r[14]                   ;
; 18:1               ; 3 bits    ; 36 LEs        ; 12 LEs               ; 24 LEs                 ; Yes        ; |PeakDetector_ASP|pd_in_word[27]                                   ;
; 19:1               ; 3 bits    ; 36 LEs        ; 12 LEs               ; 24 LEs                 ; Yes        ; |PeakDetector_ASP|pd_in_word[30]                                   ;
; 34:1               ; 4 bits    ; 88 LEs        ; 24 LEs               ; 64 LEs                 ; Yes        ; |PeakDetector_ASP|pd_in_word[18]                                   ;
; 34:1               ; 16 bits   ; 352 LEs       ; 0 LEs                ; 352 LEs                ; Yes        ; |PeakDetector_ASP|pd_in_word[14]                                   ;
; 3:1                ; 3 bits    ; 6 LEs         ; 3 LEs                ; 3 LEs                  ; Yes        ; |PeakDetector_ASP|pd_asp:u_pd_asp|cfg_min_spacing[7]               ;
+--------------------+-----------+---------------+----------------------+------------------------+------------+--------------------------------------------------------------------+


+--------------------------------------------------------------+
; Parameter Settings for User Entity Instance: pd_asp:u_pd_asp ;
+----------------+-------+-------------------------------------+
; Parameter Name ; Value ; Type                                ;
+----------------+-------+-------------------------------------+
; my_port        ; 0100  ; Unsigned Binary                     ;
; recop_port     ; 0000  ; Unsigned Binary                     ;
+----------------+-------+-------------------------------------+
Note: In order to hide this table in the UI and the text report file, please set the "Show Parameter Settings in Synthesis Report" option in "Analysis and Synthesis Settings -> More Settings" to "Off".


+--------------------------------------------------------------------------------------------------------------------------------+
; Port Connectivity Checks: "pd_asp:u_pd_asp|pd_core:u_core"                                                                     ;
+----------------------+--------+----------+-------------------------------------------------------------------------------------+
; Port                 ; Type   ; Severity ; Details                                                                             ;
+----------------------+--------+----------+-------------------------------------------------------------------------------------+
; corr_ready           ; Output ; Info     ; Connected to dangling logic. Logic that only feeds a dangling port will be removed. ;
; live_counter[23..18] ; Output ; Info     ; Connected to dangling logic. Logic that only feeds a dangling port will be removed. ;
+----------------------+--------+----------+-------------------------------------------------------------------------------------+


+---------------------------------------------------------------------------------------------------------------------+
; Port Connectivity Checks: "pd_asp:u_pd_asp"                                                                         ;
+-----------+--------+----------+-------------------------------------------------------------------------------------+
; Port      ; Type   ; Severity ; Details                                                                             ;
+-----------+--------+----------+-------------------------------------------------------------------------------------+
; in_ready  ; Output ; Info     ; Connected to dangling logic. Logic that only feeds a dangling port will be removed. ;
; out_ready ; Input  ; Info     ; Stuck at VCC                                                                        ;
+-----------+--------+----------+-------------------------------------------------------------------------------------+


+-----------------------------------------------------+
; Post-Synthesis Netlist Statistics for Top Partition ;
+-----------------------+-----------------------------+
; Type                  ; Count                       ;
+-----------------------+-----------------------------+
; arriav_ff             ; 217                         ;
;     ENA               ; 17                          ;
;     ENA SCLR          ; 137                         ;
;     SCLR              ; 28                          ;
;     SCLR SLD          ; 16                          ;
;     plain             ; 19                          ;
; arriav_lcell_comb     ; 232                         ;
;     arith             ; 64                          ;
;         1 data inputs ; 64                          ;
;     normal            ; 168                         ;
;         0 data inputs ; 1                           ;
;         2 data inputs ; 34                          ;
;         3 data inputs ; 15                          ;
;         4 data inputs ; 41                          ;
;         5 data inputs ; 20                          ;
;         6 data inputs ; 57                          ;
; boundary_port         ; 83                          ;
;                       ;                             ;
; Max LUT depth         ; 4.00                        ;
; Average LUT depth     ; 2.36                        ;
+-----------------------+-----------------------------+


+-------------------------------+
; Elapsed Time Per Partition    ;
+----------------+--------------+
; Partition Name ; Elapsed Time ;
+----------------+--------------+
; Top            ; 00:00:00     ;
+----------------+--------------+


+-------------------------------+
; Analysis & Synthesis Messages ;
+-------------------------------+
Info: *******************************************************************
Info: Running Quartus Prime Analysis & Synthesis
    Info: Version 18.1.0 Build 625 09/12/2018 SJ Lite Edition
    Info: Processing started: Thu May 21 11:45:59 2026
Info: Command: quartus_map --read_settings_files=on --write_settings_files=off PD_Asp -c PD_Asp
Warning (18236): Number of processors has not been specified which may cause overloading on shared machines.  Set the global assignment NUM_PARALLEL_PROCESSORS in your QSF to an appropriate value for best performance.
Info (20030): Parallel compilation is enabled and will use 12 of the 12 processors detected
Info (12021): Found 2 design units, including 1 entities, in source file pd_asp_tb.vhd
    Info (12022): Found design unit 1: pd_asp_tb-sim File: D:/701_ip/pd_asp_tb.vhd Line: 18
    Info (12023): Found entity 1: pd_asp_tb File: D:/701_ip/pd_asp_tb.vhd Line: 15
Info (12021): Found 2 design units, including 0 entities, in source file asp_packet_pkg.vhd
    Info (12022): Found design unit 1: asp_packet_pkg File: D:/701_ip/asp_packet_pkg.vhd Line: 21
    Info (12022): Found design unit 2: asp_packet_pkg-body File: D:/701_ip/asp_packet_pkg.vhd Line: 137
Info (12021): Found 1 design units, including 0 entities, in source file asp_types.vhd
    Info (12022): Found design unit 1: asp_types File: D:/701_ip/asp_types.vhd Line: 6
Info (12021): Found 1 design units, including 0 entities, in source file tdmamintypes.vhd
    Info (12022): Found design unit 1: TdmaMinTypes File: D:/701_ip/TdmaMinTypes.vhd Line: 8
Info (12021): Found 2 design units, including 1 entities, in source file pd_asp.vhd
    Info (12022): Found design unit 1: pd_asp-rtl File: D:/701_ip/pd_asp.vhd Line: 33
    Info (12023): Found entity 1: pd_asp File: D:/701_ip/pd_asp.vhd Line: 14
Info (12021): Found 2 design units, including 1 entities, in source file pd_core.vhd
    Info (12022): Found design unit 1: pd_core-rtl File: D:/701_ip/pd_core.vhd Line: 42
    Info (12023): Found entity 1: pd_core File: D:/701_ip/pd_core.vhd Line: 12
Info (12021): Found 2 design units, including 1 entities, in source file peakdetector_asp.vhd
    Info (12022): Found design unit 1: PeakDetector_ASP-rtl File: D:/701_ip/PeakDetector_ASP.vhd Line: 35
    Info (12023): Found entity 1: PeakDetector_ASP File: D:/701_ip/PeakDetector_ASP.vhd Line: 24
Info (12127): Elaborating entity "PeakDetector_ASP" for the top level hierarchy
Warning (10036): Verilog HDL or VHDL warning at PeakDetector_ASP.vhd(41): object "pd_in_ready" assigned a value but never read File: D:/701_ip/PeakDetector_ASP.vhd Line: 41
Info (12128): Elaborating entity "pd_asp" for hierarchy "pd_asp:u_pd_asp" File: D:/701_ip/PeakDetector_ASP.vhd Line: 175
Warning (10036): Verilog HDL or VHDL warning at pd_asp.vhd(54): object "core_corr_ready" assigned a value but never read File: D:/701_ip/pd_asp.vhd Line: 54
Info (12128): Elaborating entity "pd_core" for hierarchy "pd_asp:u_pd_asp|pd_core:u_core" File: D:/701_ip/pd_asp.vhd Line: 163
Warning (13024): Output pins are stuck at VCC or GND
    Warning (13410): Pin "send.data[20]" is stuck at GND File: D:/701_ip/PeakDetector_ASP.vhd Line: 30
    Warning (13410): Pin "send.data[21]" is stuck at GND File: D:/701_ip/PeakDetector_ASP.vhd Line: 30
    Warning (13410): Pin "send.data[23]" is stuck at GND File: D:/701_ip/PeakDetector_ASP.vhd Line: 30
    Warning (13410): Pin "send.data[27]" is stuck at GND File: D:/701_ip/PeakDetector_ASP.vhd Line: 30
    Warning (13410): Pin "send.data[31]" is stuck at GND File: D:/701_ip/PeakDetector_ASP.vhd Line: 30
    Warning (13410): Pin "send.addr[3]" is stuck at GND File: D:/701_ip/PeakDetector_ASP.vhd Line: 30
    Warning (13410): Pin "send.addr[4]" is stuck at GND File: D:/701_ip/PeakDetector_ASP.vhd Line: 30
    Warning (13410): Pin "send.addr[5]" is stuck at GND File: D:/701_ip/PeakDetector_ASP.vhd Line: 30
    Warning (13410): Pin "send.addr[6]" is stuck at GND File: D:/701_ip/PeakDetector_ASP.vhd Line: 30
    Warning (13410): Pin "send.addr[7]" is stuck at GND File: D:/701_ip/PeakDetector_ASP.vhd Line: 30
Info (286030): Timing-Driven Synthesis is running
Info (16010): Generating hard_block partition "hard_block:auto_generated_inst"
    Info (16011): Adding 0 node(s), including 0 DDIO, 0 PLL, 0 transceiver and 0 LCELL
Warning (21074): Design contains 4 input pin(s) that do not drive logic
    Warning (15610): No output dependent on input pin "recv.data[20]" File: D:/701_ip/PeakDetector_ASP.vhd Line: 31
    Warning (15610): No output dependent on input pin "recv.data[21]" File: D:/701_ip/PeakDetector_ASP.vhd Line: 31
    Warning (15610): No output dependent on input pin "recv.data[22]" File: D:/701_ip/PeakDetector_ASP.vhd Line: 31
    Warning (15610): No output dependent on input pin "recv.data[23]" File: D:/701_ip/PeakDetector_ASP.vhd Line: 31
Info (21057): Implemented 416 device resources after synthesis - the final resource count might be different
    Info (21058): Implemented 43 input pins
    Info (21059): Implemented 40 output pins
    Info (21061): Implemented 333 logic cells
Info: Quartus Prime Analysis & Synthesis was successful. 0 errors, 19 warnings
    Info: Peak virtual memory: 4907 megabytes
    Info: Processing ended: Thu May 21 11:46:12 2026
    Info: Elapsed time: 00:00:13
    Info: Total CPU time (on all processors): 00:00:19


