------------------------------------------------------------
Timing Analyzer Summary
------------------------------------------------------------

Type  : Slow 1100mV 85C Model Setup 'CLOCK_50'
Slack : -8.737
TNS   : -3056.739

Type  : Slow 1100mV 85C Model Hold 'CLOCK_50'
Slack : 0.372
TNS   : 0.000

Type  : Slow 1100mV 85C Model Minimum Pulse Width 'CLOCK_50'
Slack : -2.174
TNS   : -352.696

Type  : Slow 1100mV 0C Model Setup 'CLOCK_50'
Slack : -8.743
TNS   : -3054.824

Type  : Slow 1100mV 0C Model Hold 'CLOCK_50'
Slack : 0.343
TNS   : 0.000

Type  : Slow 1100mV 0C Model Minimum Pulse Width 'CLOCK_50'
Slack : -2.174
TNS   : -366.469

Type  : Fast 1100mV 85C Model Setup 'CLOCK_50'
Slack : -4.950
TNS   : -1677.408

Type  : Fast 1100mV 85C Model Hold 'CLOCK_50'
Slack : 0.210
TNS   : 0.000

Type  : Fast 1100mV 85C Model Minimum Pulse Width 'CLOCK_50'
Slack : -2.174
TNS   : -184.788

Type  : Fast 1100mV 0C Model Setup 'CLOCK_50'
Slack : -4.492
TNS   : -1527.410

Type  : Fast 1100mV 0C Model Hold 'CLOCK_50'
Slack : 0.190
TNS   : 0.000

Type  : Fast 1100mV 0C Model Minimum Pulse Width 'CLOCK_50'
Slack : -2.174
TNS   : -184.319

------------------------------------------------------------
